Microchip Technology Inc, v2.00 (B)

Tool Name:
  /Applications/microchip/xc16/v2.00/bin/bin/../bin/elf-ld

Command:
  -p24F16KA101 \
  --mdfp=/Applications/microchip/mplabx/v6.00/packs/Microchip/PIC24F-KA-KL-KM_DFP/1.4.83/xc16 \
  -o \
  dist/default/production/DriverProject4.X.production.elf \
  -L/Applications/microchip/xc16/v2.00/bin/bin/.. \
  -L/Applications/microchip/mplabx/v6.00/packs/Microchip/PIC24F-KA-KL-KM_DFP/1.4.83/xc16/bin/../support/PIC24F/gld \
  -L/Applications/microchip/xc16/v2.00/bin/bin/../../lib \
  -L/Applications/microchip/xc16/v2.00/bin/bin/../../support/PIC24E/gld \
  -L/Applications/microchip/xc16/v2.00/bin/bin/../../support/PIC24F/gld \
  -L/Applications/microchip/xc16/v2.00/bin/bin/../../support/PIC24H/gld \
  -L/Applications/microchip/xc16/v2.00/bin/bin/../../support/dsPIC30F/gld \
  -L/Applications/microchip/xc16/v2.00/bin/bin/../../support/dsPIC33C/gld \
  -L/Applications/microchip/xc16/v2.00/bin/bin/../../support/dsPIC33E/gld \
  -L/Applications/microchip/xc16/v2.00/bin/bin/../../support/dsPIC33F/gld \
  build/default/production/main.o \
  build/default/production/IOs.o \
  build/default/production/TimeDelay.o \
  build/default/production/UART2.o \
  build/default/production/ChangeClk.o \
  --defsym=__MPLAB_BUILD=1 \
  -Tp24F16KA101.gld.00 \
  --stack=16 \
  --check-sections \
  --data-init \
  --pack-data \
  --handles \
  --isr \
  --no-gc-sections \
  --fill-upper=0 \
  --stackguard=16 \
  --no-force-link \
  --smart-io \
  -Map=dist/default/production/DriverProject4.X.production.map \
  --report-mem \
  --memorysummary \
  dist/default/production/memoryfile.xml \
  -start-group \
  --library=c99-pic30-elf \
  --library=m-elf \
  --library=c99-elf \
  -end-group \


Optional library libpPIC24Fxxx.a not found
Archive member included because of file (symbol)

/Applications/microchip/xc16/v2.00/bin/bin/../../lib/libc99-pic30-elf.a(crt0_standard.o)
                              (__resetPRI)
/Applications/microchip/xc16/v2.00/bin/bin/../../lib/libc99-pic30-elf.a(data_init_standard.o)
                              /Applications/microchip/xc16/v2.00/bin/bin/../../lib/libc99-pic30-elf.a(crt0_standard.o) (__data_init_standard)
/Applications/microchip/xc16/v2.00/bin/bin/../../lib/libc99-pic30-elf.a(crt_start_mode_normal.Meo)
                              (__crt_start_mode_normal)
/Applications/microchip/xc16/v2.00/bin/bin/../../lib/libc99-elf.a(strlen.XX_o)
                              build/default/production/UART2.o (_strlen)
/Applications/microchip/xc16/v2.00/bin/bin/../../lib/libc99-elf.a(__sio_sprintf_f.XX_o)
                              build/default/production/main.o (__sprintf_fF)
/Applications/microchip/xc16/v2.00/bin/bin/../../lib/libc99-elf.a(__fmt_fp.XX_o)
                              /Applications/microchip/xc16/v2.00/bin/bin/../../lib/libc99-elf.a(__sio_sprintf_f.XX_o) (___fmt_f_needed)
/Applications/microchip/xc16/v2.00/bin/bin/../../lib/libc99-elf.a(__int_vsprintf.XX_o)
                              /Applications/microchip/xc16/v2.00/bin/bin/../../lib/libc99-elf.a(__sio_sprintf_f.XX_o) (___vsprintf)
/Applications/microchip/xc16/v2.00/bin/bin/../../lib/libc99-elf.a(__printf_core.XX_o)
                              /Applications/microchip/xc16/v2.00/bin/bin/../../lib/libc99-elf.a(__fmt_fp.XX_o) (___pad)
/Applications/microchip/xc16/v2.00/bin/bin/../../lib/libc99-elf.a(memcpy.XX_o)
                              /Applications/microchip/xc16/v2.00/bin/bin/../../lib/libc99-elf.a(__printf_core.XX_o) (_memcpy)
/Applications/microchip/xc16/v2.00/bin/bin/../../lib/libc99-elf.a(memset.XX_o)
                              /Applications/microchip/xc16/v2.00/bin/bin/../../lib/libc99-elf.a(__fmt_fp.XX_o) (_memset)
/Applications/microchip/xc16/v2.00/bin/bin/../../lib/libc99-elf.a(__int_vsnprintf.XX_o)
                              /Applications/microchip/xc16/v2.00/bin/bin/../../lib/libc99-elf.a(__int_vsprintf.XX_o) (___vsnprintf)
/Applications/microchip/xc16/v2.00/bin/bin/../../lib/libc99-elf.a(__int_vfprintf.XX_o)
                              /Applications/microchip/xc16/v2.00/bin/bin/../../lib/libc99-elf.a(__int_vsnprintf.XX_o) (___vfprintf)
/Applications/microchip/xc16/v2.00/bin/bin/../../lib/libc99-elf.a(atoi.XX_o)
                              /Applications/microchip/xc16/v2.00/bin/bin/../../lib/libc99-elf.a(__printf_core.XX_o) (_atoi)
/Applications/microchip/xc16/v2.00/bin/bin/../../lib/libc99-elf.a(strcpy.XX_o)
                              /Applications/microchip/xc16/v2.00/bin/bin/../../lib/libc99-elf.a(__fmt_fp.XX_o) (_strcpy)
/Applications/microchip/xc16/v2.00/bin/bin/../../lib/libc99-elf.a(tolower.XX_o)
                              /Applications/microchip/xc16/v2.00/bin/bin/../../lib/libc99-elf.a(__fmt_fp.XX_o) (_tolower)
/Applications/microchip/xc16/v2.00/bin/bin/../../lib/libc99-elf.a(__errno_location.XX_lo)
                              /Applications/microchip/xc16/v2.00/bin/bin/../../lib/libc99-elf.a(__printf_core.XX_o) (___errno_val)
/Applications/microchip/xc16/v2.00/bin/bin/../../lib/libc99-elf.a(__pop_float.XX_lo)
                              /Applications/microchip/xc16/v2.00/bin/bin/../../lib/libc99-elf.a(__printf_core.XX_o) (___pop_float)
/Applications/microchip/xc16/v2.00/bin/bin/../../lib/libc99-elf.a(__pop_int.XX_lo)
                              /Applications/microchip/xc16/v2.00/bin/bin/../../lib/libc99-elf.a(__printf_core.XX_o) (___pop_int)
/Applications/microchip/xc16/v2.00/bin/bin/../../lib/libc99-elf.a(__pop_ptr.XX_lo)
                              /Applications/microchip/xc16/v2.00/bin/bin/../../lib/libc99-elf.a(__printf_core.XX_o) (___pop_ptr)
/Applications/microchip/xc16/v2.00/bin/bin/../../lib/libc99-elf.a(stpcpy.XX_o)
                              /Applications/microchip/xc16/v2.00/bin/bin/../../lib/libc99-elf.a(strcpy.XX_o) (___stpcpy)
/Applications/microchip/xc16/v2.00/bin/bin/../../lib/libc99-pic30-elf.a(deqltle.XX_o)
                              /Applications/microchip/xc16/v2.00/bin/bin/../../lib/libc99-elf.a(__fmt_fp.XX_o) (___eqdf2)
/Applications/microchip/xc16/v2.00/bin/bin/../../lib/libc99-pic30-elf.a(extendsfdf.XX_o)
                              /Applications/microchip/xc16/v2.00/bin/bin/../../lib/libc99-elf.a(__pop_float.XX_lo) (___extendsfdf2)
/Applications/microchip/xc16/v2.00/bin/bin/../../lib/libc99-pic30-elf.a(fixdfsi.XX_o)
                              /Applications/microchip/xc16/v2.00/bin/bin/../../lib/libc99-elf.a(__fmt_fp.XX_o) (_(float, int, long long, double, float, short, int))
/Applications/microchip/xc16/v2.00/bin/bin/../../lib/libc99-pic30-elf.a(funpack.XX_o)
                              /Applications/microchip/xc16/v2.00/bin/bin/../../lib/libc99-pic30-elf.a(extendsfdf.XX_o) (__funpack)
/Applications/microchip/xc16/v2.00/bin/bin/../../lib/libc99-pic30-elf.a(mulsi3.XX_o)
                              /Applications/microchip/xc16/v2.00/bin/bin/../../lib/libc99-elf.a(memset.XX_o) (___mulsi3)
/Applications/microchip/xc16/v2.00/bin/bin/../../lib/libc99-pic30-elf.a(dpadd.XX_o)
                              /Applications/microchip/xc16/v2.00/bin/bin/../../lib/libc99-elf.a(__fmt_fp.XX_o) (___adddf3)
/Applications/microchip/xc16/v2.00/bin/bin/../../lib/libc99-pic30-elf.a(dpdiv.XX_o)
                              /Applications/microchip/xc16/v2.00/bin/bin/../../lib/libc99-elf.a(__fmt_fp.XX_o) (___divdf3)
/Applications/microchip/xc16/v2.00/bin/bin/../../lib/libc99-pic30-elf.a(dpmul.XX_o)
                              /Applications/microchip/xc16/v2.00/bin/bin/../../lib/libc99-elf.a(__fmt_fp.XX_o) (___muldf3)
/Applications/microchip/xc16/v2.00/bin/bin/../../lib/libc99-pic30-elf.a(dpsubs.XX_o)
                              /Applications/microchip/xc16/v2.00/bin/bin/../../lib/libc99-pic30-elf.a(dpmul.XX_o) (__dnsrnd)
/Applications/microchip/xc16/v2.00/bin/bin/../../lib/libc99-pic30-elf.a(dcompare.XX_o)
                              /Applications/microchip/xc16/v2.00/bin/bin/../../lib/libc99-pic30-elf.a(deqltle.XX_o) (__dcompare)
/Applications/microchip/xc16/v2.00/bin/bin/../../lib/libc99-pic30-elf.a(dtype.XX_o)
                              /Applications/microchip/xc16/v2.00/bin/bin/../../lib/libc99-pic30-elf.a(dcompare.XX_o) (__dtype)
/Applications/microchip/xc16/v2.00/bin/bin/../../lib/libc99-pic30-elf.a(dunpack.XX_o)
                              /Applications/microchip/xc16/v2.00/bin/bin/../../lib/libc99-pic30-elf.a(fixdfsi.XX_o) (__dunpack)
/Applications/microchip/xc16/v2.00/bin/bin/../../lib/libc99-pic30-elf.a(dunpack2.XX_o)
                              /Applications/microchip/xc16/v2.00/bin/bin/../../lib/libc99-pic30-elf.a(fixdfsi.XX_o) (__dunpack2exit)
/Applications/microchip/xc16/v2.00/bin/bin/../../lib/libc99-pic30-elf.a(dpropagateNaN.XX_o)
                              /Applications/microchip/xc16/v2.00/bin/bin/../../lib/libc99-pic30-elf.a(dunpack2.XX_o) (__dPropagateNaN)
/Applications/microchip/xc16/v2.00/bin/bin/../../lib/libm-elf.a(floorl.XX_o)
                              /Applications/microchip/xc16/v2.00/bin/bin/../../lib/libc99-elf.a(__fmt_fp.XX_o) (_floorl)
/Applications/microchip/xc16/v2.00/bin/bin/../../lib/libc99-pic30-elf.a(dgtge.XX_o)
                              /Applications/microchip/xc16/v2.00/bin/bin/../../lib/libm-elf.a(floorl.XX_o) (___gtdf2)


Selected CodeGuard Options:
  FGS:GWRP:OFF
  FGS:GCP:OFF
  FBS:BWRP:OFF
  FBS:BSS:OFF

CodeGuard FLASH Memory:
  boot    (none)
  secure  (none)
  general 0x200 to 0x2bfe

CodeGuard RAM Memory:
  general 0x800 to 0xdff
  secure  (none)
  boot    (none)

CodeGuard EEPROM Memory:
  general 0x7ffe00 to 0x7fffff
  secure  (none)
  boot    (none)


xc16-ld 2.00 (B)

Default Code Model: Small
Default Data Model: Small
Default Scalar Model: Small

"program" Memory  [Origin = 0x200, Length = 0x2a00]

section                    address   length (PC units)   length (bytes) (dec)
-------                    -------   -----------------   --------------------
.text                        0x200              0x14d0          0x1f38  (7992)
.const                      0x16d0                0x32            0x4b  (75)
.text                       0x1702               0x3e4           0x5d6  (1494)
.dinit                      0x1ae6                0x40            0x60  (96)
.text                       0x1b26                0x36            0x51  (81)

                 Total "program" memory used (bytes):         0x260a  (9738) 60%


"data" Memory  [Origin = 0x800, Length = 0x600]

section                    address      alignment gaps    total length  (dec)
-------                    -------      --------------    -------------------
.nbss                        0x800                   0             0x6  (6)
.data                        0x806                   0            0x2c  (44)
.bss                         0x832                   0             0x2  (2)

                 Total "data" memory used (bytes):           0x34  (52) 3%


Dynamic Memory Usage

region                     address                      maximum length  (dec)
------                     -------                      ---------------------
heap                             0                                   0  (0)
stack                        0x834                               0x5cc  (1484)

                 Maximum dynamic memory (bytes):          0x5cc  (1484)

Info: Project is using a large data memory model when small data memory model is sufficient.


External Symbols in Data Memory (by address):

                    0x0800                  _CNflag
                    0x0802                  _i
                    0x0804                  _clkval
                    0x0832                  ___errno_val

External Symbols in Data Memory (by name):

                    0x0800                  _CNflag
                    0x0832                  ___errno_val
                    0x0804                  _clkval
                    0x0802                  _i

External Symbols in Program Memory (by address):

                  0x000200                  __resetPRI
                  0x00023c                  __psv_init
                  0x000252                  __data_init_standard
                  0x000252                  __data_init
                  0x0002c8                  __CNInterrupt
                  0x0002da                  __T2Interrupt
                  0x0002e2                  __U2TXInterrupt
                  0x0002ea                  __DefaultInterrupt
                  0x0002f0                  _strlen
                  0x00032c                  ___sio_sprintf_f
                  0x000330                  ___fmt_fp
                  0x000874                  ___vsprintf
                  0x0008a4                  ___pad
                  0x00091e                  ___fmt_state
                  0x000c0a                  ___printf_core
                  0x000c4a                  _memcpy
                  0x000c58                  _memset
                  0x000d1e                  ___vsnprintf
                  0x000d68                  ___vfprintf
                  0x000d98                  _atoi
                  0x000de4                  _strcpy
                  0x000df2                  _tolower
                  0x000dfe                  ___tolower_l
                  0x000e00                  ___pop_float
                  0x000e3e                  ___pop_int
                  0x000ef0                  ___pop_ptr
                  0x000f64                  ___stpcpy
                  0x000fa4                  ___ledf2
                  0x000fa4                  ___eqdf2
                  0x000fa4                  ___ltdf2
                  0x000fae                  ___extendsfdf2
                  0x000fec                  ___fixdfsi
                  0x001044                  __funpack
                  0x00106e                  ___mulsi3
                  0x00106e                  ___mulp32peds3
                  0x00106e                  ___mulp32eds3
                  0x00107a                  ___subdf3
                  0x001086                  ___adddf3
                  0x00111c                  ___divdf3
                  0x00127a                  ___muldf3
                  0x0013ae                  __dxchg
                  0x0013bc                  __drshft
                  0x001416                  __dupchk
                  0x001478                  __drndex
                  0x001482                  __dnsrnd
                  0x0014ae                  __dpakex
                  0x0014bc                  __dcompare
                  0x00150e                  __dtype
                  0x001532                  __dunpack
                  0x001580                  __dunpack2
                  0x0015a2                  __dreturnNaN
                  0x0015a8                  __dunpack2exit
                  0x0015b2                  __dPropagateNaN
                  0x0015ce                  _floorl
                  0x0016c6                  ___gedf2
                  0x0016c6                  ___gtdf2
                  0x001702                  _InitUART2
                  0x00176a                  _XmitUART2
                  0x0017aa                  _Disp2Hex
                  0x001822                  _Disp2Hex32
                  0x0018a4                  _Disp2Dec
                  0x001920                  _Disp2String
                  0x001948                  _IOinit
                  0x001974                  _IOcheck
                  0x0019de                  _main
                  0x001a6a                  _NewClk
                  0x001b26                  _delay_ms
                  0xf80000                  __FBS.sec
                  0xf80004                  __FGS.sec

External Symbols in Program Memory (by name):

                  0x0018a4                  _Disp2Dec
                  0x0017aa                  _Disp2Hex
                  0x001822                  _Disp2Hex32
                  0x001920                  _Disp2String
                  0x001974                  _IOcheck
                  0x001948                  _IOinit
                  0x001702                  _InitUART2
                  0x001a6a                  _NewClk
                  0x00176a                  _XmitUART2
                  0x0002c8                  __CNInterrupt
                  0x0002ea                  __DefaultInterrupt
                  0xf80000                  __FBS.sec
                  0xf80004                  __FGS.sec
                  0x0002da                  __T2Interrupt
                  0x0002e2                  __U2TXInterrupt
                  0x001086                  ___adddf3
                  0x00111c                  ___divdf3
                  0x000fa4                  ___eqdf2
                  0x000fae                  ___extendsfdf2
                  0x000fec                  ___fixdfsi
                  0x000330                  ___fmt_fp
                  0x00091e                  ___fmt_state
                  0x0016c6                  ___gedf2
                  0x0016c6                  ___gtdf2
                  0x000fa4                  ___ledf2
                  0x000fa4                  ___ltdf2
                  0x00127a                  ___muldf3
                  0x00106e                  ___mulp32eds3
                  0x00106e                  ___mulp32peds3
                  0x00106e                  ___mulsi3
                  0x0008a4                  ___pad
                  0x000e00                  ___pop_float
                  0x000e3e                  ___pop_int
                  0x000ef0                  ___pop_ptr
                  0x000c0a                  ___printf_core
                  0x00032c                  ___sio_sprintf_f
                  0x000f64                  ___stpcpy
                  0x00107a                  ___subdf3
                  0x000dfe                  ___tolower_l
                  0x000d68                  ___vfprintf
                  0x000d1e                  ___vsnprintf
                  0x000874                  ___vsprintf
                  0x0015b2                  __dPropagateNaN
                  0x000252                  __data_init
                  0x000252                  __data_init_standard
                  0x0014bc                  __dcompare
                  0x001482                  __dnsrnd
                  0x0014ae                  __dpakex
                  0x0015a2                  __dreturnNaN
                  0x001478                  __drndex
                  0x0013bc                  __drshft
                  0x00150e                  __dtype
                  0x001532                  __dunpack
                  0x001580                  __dunpack2
                  0x0015a8                  __dunpack2exit
                  0x001416                  __dupchk
                  0x0013ae                  __dxchg
                  0x001044                  __funpack
                  0x00023c                  __psv_init
                  0x000200                  __resetPRI
                  0x000d98                  _atoi
                  0x001b26                  _delay_ms
                  0x0015ce                  _floorl
                  0x0019de                  _main
                  0x000c4a                  _memcpy
                  0x000c58                  _memset
                  0x000de4                  _strcpy
                  0x0002f0                  _strlen
                  0x000df2                  _tolower

Memory Configuration

Name             Origin             Length             Attributes
data             0x000800           0x000600           a !xr
reset            0x000000           0x000004  
ivt              0x000004           0x0000fc  
_reserved        0x000100           0x000004  
aivt             0x000104           0x0000fc  
program          0x000200           0x002a00           xr
eedata           0x7ffe00           0x000200  
FBS              0xf80000           0x000002  
FGS              0xf80004           0x000002  
FOSCSEL          0xf80006           0x000002  
FOSC             0xf80008           0x000002  
FWDT             0xf8000a           0x000002  
FPOR             0xf8000c           0x000002  
FICD             0xf8000e           0x000002  
FDS              0xf80010           0x000002  
*default*        0x000000           0xffffffffffffffff  

Linker script and memory map

LOAD build/default/production/main.o
LOAD build/default/production/IOs.o
LOAD build/default/production/TimeDelay.o
LOAD build/default/production/UART2.o
LOAD build/default/production/ChangeClk.o
                    0x0001                  __MPLAB_BUILD = 0x1
LOAD pPIC24Fxxx
LOAD /Applications/microchip/xc16/v2.00/bin/bin/../../lib/libfx-elf.a
                    0xf80000                  __FBS = 0xf80000
                    0xf80004                  __FGS = 0xf80004
                    0xf80006                  __FOSCSEL = 0xf80006
                    0xf80008                  __FOSC = 0xf80008
                    0xf8000a                  __FWDT = 0xf8000a
                    0xf8000c                  __FPOR = 0xf8000c
                    0xf8000e                  __FICD = 0xf8000e
                    0xf80010                  __FDS = 0xf80010
                    0x0001                  __NO_HANDLES = 0x1
                    0x0200                  __CODE_BASE = 0x200
                    0x2a00                  __CODE_LENGTH = 0x2a00
                    0x0004                  __IVT_BASE = 0x4
                    0x0104                  __AIVT_BASE = 0x104
                    0x0800                  __DATA_BASE = 0x800
                    0x0600                  __DATA_LENGTH = 0x600

.reset            0x000000          0x4
                  0x000000          0x2 SHORT 0x200 ABSOLUTE (__reset)
                  0x000001          0x2 SHORT 0x4
                  0x000002          0x2 SHORT 0x0 ((ABSOLUTE (__reset) >> 0x10) & 0x7f)
                  0x000003          0x2 SHORT 0x0

.text             0x000200       0x14d0
 *(.init)
 .init            0x000200         0x4c /Applications/microchip/xc16/v2.00/bin/bin/../../lib/libc99-pic30-elf.a(crt0_standard.o)
                  0x000200                  __reset
                  0x000200                  __resetPRI
                  0x00023c                  __psv_init
 .init            0x00024c         0x7c /Applications/microchip/xc16/v2.00/bin/bin/../../lib/libc99-pic30-elf.a(data_init_standard.o)
                  0x000252                  __data_init
                  0x000252                  __data_init_standard
 *(.user_init)
 *(.handle)
 *(.isr*)
 .isr.text        0x0002c8         0x12 build/default/production/IOs.o
                  0x0002c8                  __CNInterrupt
 .isr.text        0x0002da          0x8 build/default/production/TimeDelay.o
                  0x0002da                  __T2Interrupt
 .isr.text        0x0002e2          0x8 build/default/production/UART2.o
                  0x0002e2                  __U2TXInterrupt
 .isr             0x0002ea          0x4 default_isr
                  0x0002ea                  __DefaultInterrupt
 *(.libc)
 *(.libm)
 *(.libdsp)
 *(.lib*)
 .libpic30_crt_start_mode
                  0x0002ee          0x2 /Applications/microchip/xc16/v2.00/bin/bin/../../lib/libc99-pic30-elf.a(crt_start_mode_normal.Meo)
                  0x0002ee                  __crt_start_mode_normal
                  0x0002ee                  __crt_start_mode
 .libc.strlen     0x0002f0         0x30 /Applications/microchip/xc16/v2.00/bin/bin/../../lib/libc99-elf.a(strlen.XX_o)
                  0x0002f0                  _strlen
 .libc.__wrap_sprintf
                  0x000320          0xc /Applications/microchip/xc16/v2.00/bin/bin/../../lib/libc99-elf.a(__sio_sprintf_f.XX_o)
                  0x000320                  __dsprintf_fFgG
                  0x000320                  __sprintf_eEfFgG
                  0x000320                  __dsprintf_eEfFgG
                  0x000320                  __sprintf_fF
                  0x000320                  __sprintf_eEfF
                  0x000320                  __dsprintf_gG
                  0x000320                  __dsprintf_eEgG
                  0x000320                  __sprintf_gG
                  0x000320                  __dsprintf_fF
                  0x000320                  __dsprintf_eE
                  0x000320                  __sprintf_fFgG
                  0x000320                  __sprintf_eEgG
                  0x000320                  __sprintf_eE
                  0x000320                  __dsprintf_eEfF
 .libc.__sio_sprintf_f
                  0x00032c          0x2 /Applications/microchip/xc16/v2.00/bin/bin/../../lib/libc99-elf.a(__sio_sprintf_f.XX_o)
                  0x00032c                  ___sio_sprintf_f
 .libc.__LONG_DOUBLE_BITS
                  0x00032e          0x2 /Applications/microchip/xc16/v2.00/bin/bin/../../lib/libc99-elf.a(__fmt_fp.XX_o)
 .libc.__fmt_fp
                  0x000330        0x544 /Applications/microchip/xc16/v2.00/bin/bin/../../lib/libc99-elf.a(__fmt_fp.XX_o)
                  0x000330                  ___fmt_fp
                  0x000330                  ___fmt_f_needed
 .libc.__vsprintf
                  0x000874          0x8 /Applications/microchip/xc16/v2.00/bin/bin/../../lib/libc99-elf.a(__int_vsprintf.XX_o)
                  0x000874                  ___vsprintf
 .libc.__string_out
                  0x00087c         0x28 /Applications/microchip/xc16/v2.00/bin/bin/../../lib/libc99-elf.a(__printf_core.XX_o)
                  0x00087c                  ___out
 .libc.__pad      0x0008a4         0x74 /Applications/microchip/xc16/v2.00/bin/bin/../../lib/libc99-elf.a(__printf_core.XX_o)
                  0x0008a4                  ___pad
 .libc.__dummy_fmt3
                  0x000918          0x2 /Applications/microchip/xc16/v2.00/bin/bin/../../lib/libc99-elf.a(__printf_core.XX_o)
                  0x000918                  ___fmt_d
                  0x000918                  ___fmt_u
                  0x000918                  ___fmt_o
 .libc.__dummy_fmt4
                  0x00091a          0x2 /Applications/microchip/xc16/v2.00/bin/bin/../../lib/libc99-elf.a(__printf_core.XX_o)
                  0x00091a                  ___fmt_x
                  0x00091a                  ___fmt_a
 .libc.__dummy_fmts
                  0x00091c          0x2 /Applications/microchip/xc16/v2.00/bin/bin/../../lib/libc99-elf.a(__printf_core.XX_o)
                  0x00091c                  ___fmt_s
 .libc.__fmt_state
                  0x00091e         0x2c /Applications/microchip/xc16/v2.00/bin/bin/../../lib/libc99-elf.a(__printf_core.XX_o)
                  0x00091e                  ___fmt_state
 .libc.vfpfcnvrt.clone.0
                  0x00094a        0x2c0 /Applications/microchip/xc16/v2.00/bin/bin/../../lib/libc99-elf.a(__printf_core.XX_o)
 .libc.__printf_core
                  0x000c0a         0x40 /Applications/microchip/xc16/v2.00/bin/bin/../../lib/libc99-elf.a(__printf_core.XX_o)
                  0x000c0a                  ___printf_core
 .libc.memcpy     0x000c4a          0xe /Applications/microchip/xc16/v2.00/bin/bin/../../lib/libc99-elf.a(memcpy.XX_o)
                  0x000c4a                  _memcpy
 .libc.memset     0x000c58         0xc6 /Applications/microchip/xc16/v2.00/bin/bin/../../lib/libc99-elf.a(memset.XX_o)
                  0x000c58                  _memset
 .libc.__vsnprintf
                  0x000d1e         0x4a /Applications/microchip/xc16/v2.00/bin/bin/../../lib/libc99-elf.a(__int_vsnprintf.XX_o)
                  0x000d1e                  ___vsnprintf
 .libc.__vfprintf
                  0x000d68         0x1c /Applications/microchip/xc16/v2.00/bin/bin/../../lib/libc99-elf.a(__int_vfprintf.XX_o)
                  0x000d68                  ___vfprintf
 .libc.__isspace
                  0x000d84         0x14 /Applications/microchip/xc16/v2.00/bin/bin/../../lib/libc99-elf.a(atoi.XX_o)
 .libc.atoi       0x000d98         0x4c /Applications/microchip/xc16/v2.00/bin/bin/../../lib/libc99-elf.a(atoi.XX_o)
                  0x000d98                  _atoi
 .libc.strcpy     0x000de4          0xe /Applications/microchip/xc16/v2.00/bin/bin/../../lib/libc99-elf.a(strcpy.XX_o)
                  0x000de4                  _strcpy
 .libc.tolower    0x000df2          0xc /Applications/microchip/xc16/v2.00/bin/bin/../../lib/libc99-elf.a(tolower.XX_o)
                  0x000df2                  _tolower
 .libc.__tolower_l
                  0x000dfe          0x2 /Applications/microchip/xc16/v2.00/bin/bin/../../lib/libc99-elf.a(tolower.XX_o)
                  0x000dfe                  _tolower_l
                  0x000dfe                  ___tolower_l
 .libc.__pop_float
                  0x000e00         0x3e /Applications/microchip/xc16/v2.00/bin/bin/../../lib/libc99-elf.a(__pop_float.XX_lo)
                  0x000e00                  ___pop_float_needed
                  0x000e00                  ___pop_float
 .libc.__pop_int
                  0x000e3e         0xb2 /Applications/microchip/xc16/v2.00/bin/bin/../../lib/libc99-elf.a(__pop_int.XX_lo)
                  0x000e3e                  ___pop_int_needed
                  0x000e3e                  ___pop_int
 .libc.__pop_ptr
                  0x000ef0         0x74 /Applications/microchip/xc16/v2.00/bin/bin/../../lib/libc99-elf.a(__pop_ptr.XX_lo)
                  0x000ef0                  ___pop_ptr
                  0x000ef0                  ___pop_ptr_needed
 .libc.__stpcpy
                  0x000f64         0x40 /Applications/microchip/xc16/v2.00/bin/bin/../../lib/libc99-elf.a(stpcpy.XX_o)
                  0x000f64                  _stpcpy
                  0x000f64                  ___stpcpy
 .libm.eqdf2      0x000fa4          0xa /Applications/microchip/xc16/v2.00/bin/bin/../../lib/libc99-pic30-elf.a(deqltle.XX_o)
                  0x000fa4                  ___ledf2
                  0x000fa4                  ___eqdf2
                  0x000fa4                  ___ltdf2
 .libm.extendsfdf2
                  0x000fae         0x3e /Applications/microchip/xc16/v2.00/bin/bin/../../lib/libc99-pic30-elf.a(extendsfdf.XX_o)
                  0x000fae                  ___extendsfdf2
 .libm.fixdfsi    0x000fec         0x58 /Applications/microchip/xc16/v2.00/bin/bin/../../lib/libc99-pic30-elf.a(fixdfsi.XX_o)
                  0x000fec                  _(float, int, long long, double, float, short, int)
 .libm.funpack    0x001044         0x2a /Applications/microchip/xc16/v2.00/bin/bin/../../lib/libc99-pic30-elf.a(funpack.XX_o)
                  0x001044                  __funpack
 .libm.mulsi3     0x00106e          0xc /Applications/microchip/xc16/v2.00/bin/bin/../../lib/libc99-pic30-elf.a(mulsi3.XX_o)
                  0x00106e                  ___mulp32eds3
                  0x00106e                  ___mulp32peds3
                  0x00106e                  ___mulsi3
 .lib_dpfops      0x00107a         0xa2 /Applications/microchip/xc16/v2.00/bin/bin/../../lib/libc99-pic30-elf.a(dpadd.XX_o)
                  0x00107a                  ___subdf3
                  0x001086                  ___adddf3
 .lib_dpfops      0x00111c        0x15e /Applications/microchip/xc16/v2.00/bin/bin/../../lib/libc99-pic30-elf.a(dpdiv.XX_o)
                  0x00111c                  ___divdf3
 .lib_dpfops      0x00127a        0x11a /Applications/microchip/xc16/v2.00/bin/bin/../../lib/libc99-pic30-elf.a(dpmul.XX_o)
                  0x00127a                  ___muldf3
 .lib_dpfops      0x001394        0x128 /Applications/microchip/xc16/v2.00/bin/bin/../../lib/libc99-pic30-elf.a(dpsubs.XX_o)
                  0x0013ae                  __dxchg
                  0x0013bc                  __drshft
                  0x001416                  __dupchk
                  0x001478                  __drndex
                  0x001482                  __dnsrnd
                  0x0014ae                  __dpakex
 .libm.dcompare
                  0x0014bc         0x52 /Applications/microchip/xc16/v2.00/bin/bin/../../lib/libc99-pic30-elf.a(dcompare.XX_o)
                  0x0014bc                  __dcompare
 .libm.dtype      0x00150e         0x24 /Applications/microchip/xc16/v2.00/bin/bin/../../lib/libc99-pic30-elf.a(dtype.XX_o)
                  0x00150e                  __dtype
 .libm.dunpack    0x001532         0x4e /Applications/microchip/xc16/v2.00/bin/bin/../../lib/libc99-pic30-elf.a(dunpack.XX_o)
                  0x001532                  __dunpack
 .libm.dunpack2
                  0x001580         0x32 /Applications/microchip/xc16/v2.00/bin/bin/../../lib/libc99-pic30-elf.a(dunpack2.XX_o)
                  0x001580                  __dunpack2
                  0x0015a2                  __dreturnNaN
                  0x0015a8                  __dunpack2exit
 .libm.dPropagateNaN
                  0x0015b2         0x1c /Applications/microchip/xc16/v2.00/bin/bin/../../lib/libc99-pic30-elf.a(dpropagateNaN.XX_o)
                  0x0015b2                  __dPropagateNaN
 .libc.floorl     0x0015ce         0xf8 /Applications/microchip/xc16/v2.00/bin/bin/../../lib/libm-elf.a(floorl.XX_o)
                  0x0015ce                  _floorl
 .libm.gtdf2      0x0016c6          0xa /Applications/microchip/xc16/v2.00/bin/bin/../../lib/libc99-pic30-elf.a(dgtge.XX_o)
                  0x0016c6                  ___gedf2
                  0x0016c6                  ___gtdf2

usercode
 *(usercode)

__FBS             0xf80000          0x2
 *(__FBS.sec*)
 __FBS.sec        0xf80000          0x2 /CW/_FBSX‚
                  0xf80000                  __FBS.sec

__FGS             0xf80004          0x2
 *(__FGS.sec*)
 __FGS.sec        0xf80004          0x2 /CW/_FGSXr
                  0xf80004                  __FGS.sec

__FOSCSEL
 *(__FOSCSEL.sec*)

__FOSC
 *(__FOSC.sec*)

__FWDT
 *(__FWDT.sec*)

__FPOR
 *(__FPOR.sec*)

__FICD
 *(__FICD.sec*)

__FDS
 *(__FDS.sec*)

.comment
 *(.comment)

.debug_info       0x000000       0x3741
 *(.debug_info)
 .debug_info      0x000000        0x5a1 build/default/production/main.o
 .debug_info      0x0005a1        0xf07 build/default/production/IOs.o
 .debug_info      0x0014a8        0x633 build/default/production/TimeDelay.o
 .debug_info      0x001adb        0xe56 build/default/production/UART2.o
 .debug_info      0x002931        0x556 build/default/production/ChangeClk.o
 .debug_info      0x002e87         0x8d /Applications/microchip/xc16/v2.00/bin/bin/../../lib/libc99-pic30-elf.a(deqltle.XX_o)
 .debug_info      0x002f14         0x90 /Applications/microchip/xc16/v2.00/bin/bin/../../lib/libc99-pic30-elf.a(extendsfdf.XX_o)
 .debug_info      0x002fa4         0x8d /Applications/microchip/xc16/v2.00/bin/bin/../../lib/libc99-pic30-elf.a(fixdfsi.XX_o)
 .debug_info      0x003031         0x8d /Applications/microchip/xc16/v2.00/bin/bin/../../lib/libc99-pic30-elf.a(funpack.XX_o)
 .debug_info      0x0030be         0x8c /Applications/microchip/xc16/v2.00/bin/bin/../../lib/libc99-pic30-elf.a(mulsi3.XX_o)
 .debug_info      0x00314a         0xa9 /Applications/microchip/xc16/v2.00/bin/bin/../../lib/libc99-pic30-elf.a(dpadd.XX_o)
 .debug_info      0x0031f3         0xa9 /Applications/microchip/xc16/v2.00/bin/bin/../../lib/libc99-pic30-elf.a(dpdiv.XX_o)
 .debug_info      0x00329c         0xa9 /Applications/microchip/xc16/v2.00/bin/bin/../../lib/libc99-pic30-elf.a(dpmul.XX_o)
 .debug_info      0x003345         0xaa /Applications/microchip/xc16/v2.00/bin/bin/../../lib/libc99-pic30-elf.a(dpsubs.XX_o)
 .debug_info      0x0033ef         0x8e /Applications/microchip/xc16/v2.00/bin/bin/../../lib/libc99-pic30-elf.a(dcompare.XX_o)
 .debug_info      0x00347d         0x8b /Applications/microchip/xc16/v2.00/bin/bin/../../lib/libc99-pic30-elf.a(dtype.XX_o)
 .debug_info      0x003508         0x8d /Applications/microchip/xc16/v2.00/bin/bin/../../lib/libc99-pic30-elf.a(dunpack.XX_o)
 .debug_info      0x003595         0x8e /Applications/microchip/xc16/v2.00/bin/bin/../../lib/libc99-pic30-elf.a(dunpack2.XX_o)
 .debug_info      0x003623         0x93 /Applications/microchip/xc16/v2.00/bin/bin/../../lib/libc99-pic30-elf.a(dpropagateNaN.XX_o)
 .debug_info      0x0036b6         0x8b /Applications/microchip/xc16/v2.00/bin/bin/../../lib/libc99-pic30-elf.a(dgtge.XX_o)
 *(.gnu.linkonce.wi.*)

.debug_abbrev     0x000000        0x66d
 *(.debug_abbrev)
 .debug_abbrev    0x000000        0x113 build/default/production/main.o
 .debug_abbrev    0x000113         0xfa build/default/production/IOs.o
 .debug_abbrev    0x00020d         0xeb build/default/production/TimeDelay.o
 .debug_abbrev    0x0002f8        0x126 build/default/production/UART2.o
 .debug_abbrev    0x00041e        0x123 build/default/production/ChangeClk.o
 .debug_abbrev    0x000541         0x14 /Applications/microchip/xc16/v2.00/bin/bin/../../lib/libc99-pic30-elf.a(deqltle.XX_o)
 .debug_abbrev    0x000555         0x14 /Applications/microchip/xc16/v2.00/bin/bin/../../lib/libc99-pic30-elf.a(extendsfdf.XX_o)
 .debug_abbrev    0x000569         0x14 /Applications/microchip/xc16/v2.00/bin/bin/../../lib/libc99-pic30-elf.a(fixdfsi.XX_o)
 .debug_abbrev    0x00057d         0x14 /Applications/microchip/xc16/v2.00/bin/bin/../../lib/libc99-pic30-elf.a(funpack.XX_o)
 .debug_abbrev    0x000591         0x14 /Applications/microchip/xc16/v2.00/bin/bin/../../lib/libc99-pic30-elf.a(mulsi3.XX_o)
 .debug_abbrev    0x0005a5         0x14 /Applications/microchip/xc16/v2.00/bin/bin/../../lib/libc99-pic30-elf.a(dpadd.XX_o)
 .debug_abbrev    0x0005b9         0x14 /Applications/microchip/xc16/v2.00/bin/bin/../../lib/libc99-pic30-elf.a(dpdiv.XX_o)
 .debug_abbrev    0x0005cd         0x14 /Applications/microchip/xc16/v2.00/bin/bin/../../lib/libc99-pic30-elf.a(dpmul.XX_o)
 .debug_abbrev    0x0005e1         0x14 /Applications/microchip/xc16/v2.00/bin/bin/../../lib/libc99-pic30-elf.a(dpsubs.XX_o)
 .debug_abbrev    0x0005f5         0x14 /Applications/microchip/xc16/v2.00/bin/bin/../../lib/libc99-pic30-elf.a(dcompare.XX_o)
 .debug_abbrev    0x000609         0x14 /Applications/microchip/xc16/v2.00/bin/bin/../../lib/libc99-pic30-elf.a(dtype.XX_o)
 .debug_abbrev    0x00061d         0x14 /Applications/microchip/xc16/v2.00/bin/bin/../../lib/libc99-pic30-elf.a(dunpack.XX_o)
 .debug_abbrev    0x000631         0x14 /Applications/microchip/xc16/v2.00/bin/bin/../../lib/libc99-pic30-elf.a(dunpack2.XX_o)
 .debug_abbrev    0x000645         0x14 /Applications/microchip/xc16/v2.00/bin/bin/../../lib/libc99-pic30-elf.a(dpropagateNaN.XX_o)
 .debug_abbrev    0x000659         0x14 /Applications/microchip/xc16/v2.00/bin/bin/../../lib/libc99-pic30-elf.a(dgtge.XX_o)

.debug_line       0x000000        0xcae
 *(.debug_line)
 .debug_line      0x000000        0x11d build/default/production/main.o
 .debug_line      0x00011d        0x137 build/default/production/IOs.o
 .debug_line      0x000254        0x120 build/default/production/TimeDelay.o
 .debug_line      0x000374        0x177 build/default/production/UART2.o
 .debug_line      0x0004eb        0x10f build/default/production/ChangeClk.o
 .debug_line      0x0005fa         0x3a /Applications/microchip/xc16/v2.00/bin/bin/../../lib/libc99-pic30-elf.a(deqltle.XX_o)
 .debug_line      0x000634         0x59 /Applications/microchip/xc16/v2.00/bin/bin/../../lib/libc99-pic30-elf.a(extendsfdf.XX_o)
 .debug_line      0x00068d         0x61 /Applications/microchip/xc16/v2.00/bin/bin/../../lib/libc99-pic30-elf.a(fixdfsi.XX_o)
 .debug_line      0x0006ee         0x4a /Applications/microchip/xc16/v2.00/bin/bin/../../lib/libc99-pic30-elf.a(funpack.XX_o)
 .debug_line      0x000738         0x3a /Applications/microchip/xc16/v2.00/bin/bin/../../lib/libc99-pic30-elf.a(mulsi3.XX_o)
 .debug_line      0x000772         0xa2 /Applications/microchip/xc16/v2.00/bin/bin/../../lib/libc99-pic30-elf.a(dpadd.XX_o)
 .debug_line      0x000814        0x100 /Applications/microchip/xc16/v2.00/bin/bin/../../lib/libc99-pic30-elf.a(dpdiv.XX_o)
 .debug_line      0x000914         0xde /Applications/microchip/xc16/v2.00/bin/bin/../../lib/libc99-pic30-elf.a(dpmul.XX_o)
 .debug_line      0x0009f2         0xe8 /Applications/microchip/xc16/v2.00/bin/bin/../../lib/libc99-pic30-elf.a(dpsubs.XX_o)
 .debug_line      0x000ada         0x5f /Applications/microchip/xc16/v2.00/bin/bin/../../lib/libc99-pic30-elf.a(dcompare.XX_o)
 .debug_line      0x000b39         0x45 /Applications/microchip/xc16/v2.00/bin/bin/../../lib/libc99-pic30-elf.a(dtype.XX_o)
 .debug_line      0x000b7e         0x5c /Applications/microchip/xc16/v2.00/bin/bin/../../lib/libc99-pic30-elf.a(dunpack.XX_o)
 .debug_line      0x000bda         0x53 /Applications/microchip/xc16/v2.00/bin/bin/../../lib/libc99-pic30-elf.a(dunpack2.XX_o)
 .debug_line      0x000c2d         0x49 /Applications/microchip/xc16/v2.00/bin/bin/../../lib/libc99-pic30-elf.a(dpropagateNaN.XX_o)
 .debug_line      0x000c76         0x38 /Applications/microchip/xc16/v2.00/bin/bin/../../lib/libc99-pic30-elf.a(dgtge.XX_o)

.debug_frame      0x000000        0x1e8
 *(.debug_frame)
 .debug_frame     0x000000         0x3c build/default/production/main.o
 .debug_frame     0x00003c         0x6c build/default/production/IOs.o
 .debug_frame     0x0000a8         0x48 build/default/production/TimeDelay.o
 .debug_frame     0x0000f0         0xca build/default/production/UART2.o
 .debug_frame     0x0001ba         0x2e build/default/production/ChangeClk.o

.debug_str        0x000000        0x11c
 *(.debug_str)
 .debug_str       0x000000         0x1f build/default/production/main.o
 .debug_str       0x00001f         0x74 build/default/production/IOs.o
 .debug_str       0x000093         0x25 build/default/production/TimeDelay.o
 .debug_str       0x0000b8         0x4e build/default/production/UART2.o
 .debug_str       0x000106         0x16 build/default/production/ChangeClk.o

.debug_loc
 *(.debug_loc)

.debug_macinfo
 *(.debug_macinfo)

.debug_pubnames
                  0x000000        0x138
 *(.debug_pubnames)
 .debug_pubnames
                  0x000000         0x2c build/default/production/main.o
 .debug_pubnames
                  0x00002c         0x3a build/default/production/IOs.o
 .debug_pubnames
                  0x000066         0x30 build/default/production/TimeDelay.o
 .debug_pubnames
                  0x000096         0x85 build/default/production/UART2.o
 .debug_pubnames
                  0x00011b         0x1d build/default/production/ChangeClk.o

.debug_ranges
 *(.debug_ranges)

.debug_aranges    0x000000        0x1e0
 *(.debug_aranges)
 .debug_aranges
                  0x000000         0x18 build/default/production/main.o
 .debug_aranges
                  0x000018         0x18 build/default/production/IOs.o
 .debug_aranges
                  0x000030         0x18 build/default/production/TimeDelay.o
 .debug_aranges
                  0x000048         0x18 build/default/production/UART2.o
 .debug_aranges
                  0x000060         0x18 build/default/production/ChangeClk.o
 .debug_aranges
                  0x000078         0x18 /Applications/microchip/xc16/v2.00/bin/bin/../../lib/libc99-pic30-elf.a(deqltle.XX_o)
 .debug_aranges
                  0x000090         0x18 /Applications/microchip/xc16/v2.00/bin/bin/../../lib/libc99-pic30-elf.a(extendsfdf.XX_o)
 .debug_aranges
                  0x0000a8         0x18 /Applications/microchip/xc16/v2.00/bin/bin/../../lib/libc99-pic30-elf.a(fixdfsi.XX_o)
 .debug_aranges
                  0x0000c0         0x18 /Applications/microchip/xc16/v2.00/bin/bin/../../lib/libc99-pic30-elf.a(funpack.XX_o)
 .debug_aranges
                  0x0000d8         0x18 /Applications/microchip/xc16/v2.00/bin/bin/../../lib/libc99-pic30-elf.a(mulsi3.XX_o)
 .debug_aranges
                  0x0000f0         0x18 /Applications/microchip/xc16/v2.00/bin/bin/../../lib/libc99-pic30-elf.a(dpadd.XX_o)
 .debug_aranges
                  0x000108         0x18 /Applications/microchip/xc16/v2.00/bin/bin/../../lib/libc99-pic30-elf.a(dpdiv.XX_o)
 .debug_aranges
                  0x000120         0x18 /Applications/microchip/xc16/v2.00/bin/bin/../../lib/libc99-pic30-elf.a(dpmul.XX_o)
 .debug_aranges
                  0x000138         0x18 /Applications/microchip/xc16/v2.00/bin/bin/../../lib/libc99-pic30-elf.a(dpsubs.XX_o)
 .debug_aranges
                  0x000150         0x18 /Applications/microchip/xc16/v2.00/bin/bin/../../lib/libc99-pic30-elf.a(dcompare.XX_o)
 .debug_aranges
                  0x000168         0x18 /Applications/microchip/xc16/v2.00/bin/bin/../../lib/libc99-pic30-elf.a(dtype.XX_o)
 .debug_aranges
                  0x000180         0x18 /Applications/microchip/xc16/v2.00/bin/bin/../../lib/libc99-pic30-elf.a(dunpack.XX_o)
 .debug_aranges
                  0x000198         0x18 /Applications/microchip/xc16/v2.00/bin/bin/../../lib/libc99-pic30-elf.a(dunpack2.XX_o)
 .debug_aranges
                  0x0001b0         0x18 /Applications/microchip/xc16/v2.00/bin/bin/../../lib/libc99-pic30-elf.a(dpropagateNaN.XX_o)
 .debug_aranges
                  0x0001c8         0x18 /Applications/microchip/xc16/v2.00/bin/bin/../../lib/libc99-pic30-elf.a(dgtge.XX_o)
                    0x0000                  WREG0 = 0x0
                    0x0000                  _WREG0 = 0x0
                    0x0002                  WREG1 = 0x2
                    0x0002                  _WREG1 = 0x2
                    0x0004                  WREG2 = 0x4
                    0x0004                  _WREG2 = 0x4
                    0x0006                  WREG3 = 0x6
                    0x0006                  _WREG3 = 0x6
                    0x0008                  WREG4 = 0x8
                    0x0008                  _WREG4 = 0x8
                    0x000a                  WREG5 = 0xa
                    0x000a                  _WREG5 = 0xa
                    0x000c                  WREG6 = 0xc
                    0x000c                  _WREG6 = 0xc
                    0x000e                  WREG7 = 0xe
                    0x000e                  _WREG7 = 0xe
                    0x0010                  WREG8 = 0x10
                    0x0010                  _WREG8 = 0x10
                    0x0012                  WREG9 = 0x12
                    0x0012                  _WREG9 = 0x12
                    0x0014                  WREG10 = 0x14
                    0x0014                  _WREG10 = 0x14
                    0x0016                  WREG11 = 0x16
                    0x0016                  _WREG11 = 0x16
                    0x0018                  WREG12 = 0x18
                    0x0018                  _WREG12 = 0x18
                    0x001a                  WREG13 = 0x1a
                    0x001a                  _WREG13 = 0x1a
                    0x001c                  WREG14 = 0x1c
                    0x001c                  _WREG14 = 0x1c
                    0x001e                  WREG15 = 0x1e
                    0x001e                  _WREG15 = 0x1e
                    0x0020                  SPLIM = 0x20
                    0x0020                  _SPLIM = 0x20
                    0x002e                  PCL = 0x2e
                    0x002e                  _PCL = 0x2e
                    0x0030                  PCH = 0x30
                    0x0030                  _PCH = 0x30
                    0x0032                  TBLPAG = 0x32
                    0x0032                  _TBLPAG = 0x32
                    0x0034                  PSVPAG = 0x34
                    0x0034                  _PSVPAG = 0x34
                    0x0036                  RCOUNT = 0x36
                    0x0036                  _RCOUNT = 0x36
                    0x0042                  SR = 0x42
                    0x0042                  _SR = 0x42
                    0x0042                  _SRbits = 0x42
                    0x0044                  CORCON = 0x44
                    0x0044                  _CORCON = 0x44
                    0x0044                  _CORCONbits = 0x44
                    0x0052                  DISICNT = 0x52
                    0x0052                  _DISICNT = 0x52
                    0x0060                  CNEN1 = 0x60
                    0x0060                  _CNEN1 = 0x60
                    0x0060                  _CNEN1bits = 0x60
                    0x0062                  CNEN2 = 0x62
                    0x0062                  _CNEN2 = 0x62
                    0x0062                  _CNEN2bits = 0x62
                    0x0068                  CNPU1 = 0x68
                    0x0068                  _CNPU1 = 0x68
                    0x0068                  _CNPU1bits = 0x68
                    0x006a                  CNPU2 = 0x6a
                    0x006a                  _CNPU2 = 0x6a
                    0x006a                  _CNPU2bits = 0x6a
                    0x0070                  CNPD1 = 0x70
                    0x0070                  _CNPD1 = 0x70
                    0x0070                  _CNPD1bits = 0x70
                    0x0072                  CNPD2 = 0x72
                    0x0072                  _CNPD2 = 0x72
                    0x0072                  _CNPD2bits = 0x72
                    0x0080                  INTCON1 = 0x80
                    0x0080                  _INTCON1 = 0x80
                    0x0080                  _INTCON1bits = 0x80
                    0x0082                  INTCON2 = 0x82
                    0x0082                  _INTCON2 = 0x82
                    0x0082                  _INTCON2bits = 0x82
                    0x0084                  IFS0 = 0x84
                    0x0084                  _IFS0 = 0x84
                    0x0084                  _IFS0bits = 0x84
                    0x0086                  IFS1 = 0x86
                    0x0086                  _IFS1 = 0x86
                    0x0086                  _IFS1bits = 0x86
                    0x008a                  IFS3 = 0x8a
                    0x008a                  _IFS3 = 0x8a
                    0x008a                  _IFS3bits = 0x8a
                    0x008c                  IFS4 = 0x8c
                    0x008c                  _IFS4 = 0x8c
                    0x008c                  _IFS4bits = 0x8c
                    0x0094                  IEC0 = 0x94
                    0x0094                  _IEC0 = 0x94
                    0x0094                  _IEC0bits = 0x94
                    0x0096                  IEC1 = 0x96
                    0x0096                  _IEC1 = 0x96
                    0x0096                  _IEC1bits = 0x96
                    0x009a                  IEC3 = 0x9a
                    0x009a                  _IEC3 = 0x9a
                    0x009a                  _IEC3bits = 0x9a
                    0x009c                  IEC4 = 0x9c
                    0x009c                  _IEC4 = 0x9c
                    0x009c                  _IEC4bits = 0x9c
                    0x00a4                  IPC0 = 0xa4
                    0x00a4                  _IPC0 = 0xa4
                    0x00a4                  _IPC0bits = 0xa4
                    0x00a6                  IPC1 = 0xa6
                    0x00a6                  _IPC1 = 0xa6
                    0x00a6                  _IPC1bits = 0xa6
                    0x00a8                  IPC2 = 0xa8
                    0x00a8                  _IPC2 = 0xa8
                    0x00a8                  _IPC2bits = 0xa8
                    0x00aa                  IPC3 = 0xaa
                    0x00aa                  _IPC3 = 0xaa
                    0x00aa                  _IPC3bits = 0xaa
                    0x00ac                  IPC4 = 0xac
                    0x00ac                  _IPC4 = 0xac
                    0x00ac                  _IPC4bits = 0xac
                    0x00ae                  IPC5 = 0xae
                    0x00ae                  _IPC5 = 0xae
                    0x00ae                  _IPC5bits = 0xae
                    0x00b2                  IPC7 = 0xb2
                    0x00b2                  _IPC7 = 0xb2
                    0x00b2                  _IPC7bits = 0xb2
                    0x00c2                  IPC15 = 0xc2
                    0x00c2                  _IPC15 = 0xc2
                    0x00c2                  _IPC15bits = 0xc2
                    0x00c4                  IPC16 = 0xc4
                    0x00c4                  _IPC16 = 0xc4
                    0x00c4                  _IPC16bits = 0xc4
                    0x00c8                  IPC18 = 0xc8
                    0x00c8                  _IPC18 = 0xc8
                    0x00c8                  _IPC18bits = 0xc8
                    0x00ca                  IPC19 = 0xca
                    0x00ca                  _IPC19 = 0xca
                    0x00ca                  _IPC19bits = 0xca
                    0x00e0                  INTTREG = 0xe0
                    0x00e0                  _INTTREG = 0xe0
                    0x00e0                  _INTTREGbits = 0xe0
                    0x0100                  TMR1 = 0x100
                    0x0100                  _TMR1 = 0x100
                    0x0102                  PR1 = 0x102
                    0x0102                  _PR1 = 0x102
                    0x0104                  T1CON = 0x104
                    0x0104                  _T1CON = 0x104
                    0x0104                  _T1CONbits = 0x104
                    0x0106                  TMR2 = 0x106
                    0x0106                  _TMR2 = 0x106
                    0x0108                  TMR3HLD = 0x108
                    0x0108                  _TMR3HLD = 0x108
                    0x010a                  TMR3 = 0x10a
                    0x010a                  _TMR3 = 0x10a
                    0x010c                  PR2 = 0x10c
                    0x010c                  _PR2 = 0x10c
                    0x010e                  PR3 = 0x10e
                    0x010e                  _PR3 = 0x10e
                    0x0110                  T2CON = 0x110
                    0x0110                  _T2CON = 0x110
                    0x0110                  _T2CONbits = 0x110
                    0x0112                  T3CON = 0x112
                    0x0112                  _T3CON = 0x112
                    0x0112                  _T3CONbits = 0x112
                    0x0140                  IC1BUF = 0x140
                    0x0140                  _IC1BUF = 0x140
                    0x0142                  IC1CON = 0x142
                    0x0142                  _IC1CON = 0x142
                    0x0142                  _IC1CONbits = 0x142
                    0x0180                  OC1RS = 0x180
                    0x0180                  _OC1RS = 0x180
                    0x0182                  OC1R = 0x182
                    0x0182                  _OC1R = 0x182
                    0x0184                  OC1CON = 0x184
                    0x0184                  _OC1CON = 0x184
                    0x0184                  _OC1CONbits = 0x184
                    0x0200                  I2C1RCV = 0x200
                    0x0200                  _I2C1RCV = 0x200
                    0x0202                  I2C1TRN = 0x202
                    0x0202                  _I2C1TRN = 0x202
                    0x0204                  I2C1BRG = 0x204
                    0x0204                  _I2C1BRG = 0x204
                    0x0206                  I2C1CON = 0x206
                    0x0206                  _I2C1CON = 0x206
                    0x0206                  _I2C1CONbits = 0x206
                    0x0208                  I2C1STAT = 0x208
                    0x0208                  _I2C1STAT = 0x208
                    0x0208                  _I2C1STATbits = 0x208
                    0x020a                  I2C1ADD = 0x20a
                    0x020a                  _I2C1ADD = 0x20a
                    0x020c                  I2C1MSK = 0x20c
                    0x020c                  _I2C1MSK = 0x20c
                    0x020c                  _I2C1MSKbits = 0x20c
                    0x0220                  U1MODE = 0x220
                    0x0220                  _U1MODE = 0x220
                    0x0220                  _U1MODEbits = 0x220
                    0x0222                  U1STA = 0x222
                    0x0222                  _U1STA = 0x222
                    0x0222                  _U1STAbits = 0x222
                    0x0224                  U1TXREG = 0x224
                    0x0224                  _U1TXREG = 0x224
                    0x0226                  U1RXREG = 0x226
                    0x0226                  _U1RXREG = 0x226
                    0x0228                  U1BRG = 0x228
                    0x0228                  _U1BRG = 0x228
                    0x0230                  U2MODE = 0x230
                    0x0230                  _U2MODE = 0x230
                    0x0230                  _U2MODEbits = 0x230
                    0x0232                  U2STA = 0x232
                    0x0232                  _U2STA = 0x232
                    0x0232                  _U2STAbits = 0x232
                    0x0234                  U2TXREG = 0x234
                    0x0234                  _U2TXREG = 0x234
                    0x0236                  U2RXREG = 0x236
                    0x0236                  _U2RXREG = 0x236
                    0x0238                  U2BRG = 0x238
                    0x0238                  _U2BRG = 0x238
                    0x0240                  SPI1STAT = 0x240
                    0x0240                  _SPI1STAT = 0x240
                    0x0240                  _SPI1STATbits = 0x240
                    0x0242                  SPI1CON1 = 0x242
                    0x0242                  _SPI1CON1 = 0x242
                    0x0242                  _SPI1CON1bits = 0x242
                    0x0244                  SPI1CON2 = 0x244
                    0x0244                  _SPI1CON2 = 0x244
                    0x0244                  _SPI1CON2bits = 0x244
                    0x0248                  SPI1BUF = 0x248
                    0x0248                  _SPI1BUF = 0x248
                    0x02c0                  TRISA = 0x2c0
                    0x02c0                  _TRISA = 0x2c0
                    0x02c0                  _TRISAbits = 0x2c0
                    0x02c2                  PORTA = 0x2c2
                    0x02c2                  _PORTA = 0x2c2
                    0x02c2                  _PORTAbits = 0x2c2
                    0x02c4                  LATA = 0x2c4
                    0x02c4                  _LATA = 0x2c4
                    0x02c4                  _LATAbits = 0x2c4
                    0x02c6                  ODCA = 0x2c6
                    0x02c6                  _ODCA = 0x2c6
                    0x02c6                  _ODCAbits = 0x2c6
                    0x02c8                  TRISB = 0x2c8
                    0x02c8                  _TRISB = 0x2c8
                    0x02c8                  _TRISBbits = 0x2c8
                    0x02ca                  PORTB = 0x2ca
                    0x02ca                  _PORTB = 0x2ca
                    0x02ca                  _PORTBbits = 0x2ca
                    0x02cc                  LATB = 0x2cc
                    0x02cc                  _LATB = 0x2cc
                    0x02cc                  _LATBbits = 0x2cc
                    0x02ce                  ODCB = 0x2ce
                    0x02ce                  _ODCB = 0x2ce
                    0x02ce                  _ODCBbits = 0x2ce
                    0x02fc                  PADCFG1 = 0x2fc
                    0x02fc                  _PADCFG1 = 0x2fc
                    0x02fc                  _PADCFG1bits = 0x2fc
                    0x0300                  ADC1BUF0 = 0x300
                    0x0300                  _ADC1BUF0 = 0x300
                    0x0302                  ADC1BUF1 = 0x302
                    0x0302                  _ADC1BUF1 = 0x302
                    0x0304                  ADC1BUF2 = 0x304
                    0x0304                  _ADC1BUF2 = 0x304
                    0x0306                  ADC1BUF3 = 0x306
                    0x0306                  _ADC1BUF3 = 0x306
                    0x0308                  ADC1BUF4 = 0x308
                    0x0308                  _ADC1BUF4 = 0x308
                    0x030a                  ADC1BUF5 = 0x30a
                    0x030a                  _ADC1BUF5 = 0x30a
                    0x030c                  ADC1BUF6 = 0x30c
                    0x030c                  _ADC1BUF6 = 0x30c
                    0x030e                  ADC1BUF7 = 0x30e
                    0x030e                  _ADC1BUF7 = 0x30e
                    0x0310                  ADC1BUF8 = 0x310
                    0x0310                  _ADC1BUF8 = 0x310
                    0x0312                  ADC1BUF9 = 0x312
                    0x0312                  _ADC1BUF9 = 0x312
                    0x0314                  ADC1BUFA = 0x314
                    0x0314                  _ADC1BUFA = 0x314
                    0x0316                  ADC1BUFB = 0x316
                    0x0316                  _ADC1BUFB = 0x316
                    0x0318                  ADC1BUFC = 0x318
                    0x0318                  _ADC1BUFC = 0x318
                    0x031a                  ADC1BUFD = 0x31a
                    0x031a                  _ADC1BUFD = 0x31a
                    0x031c                  ADC1BUFE = 0x31c
                    0x031c                  _ADC1BUFE = 0x31c
                    0x031e                  ADC1BUFF = 0x31e
                    0x031e                  _ADC1BUFF = 0x31e
                    0x0320                  AD1CON1 = 0x320
                    0x0320                  _AD1CON1 = 0x320
                    0x0320                  _AD1CON1bits = 0x320
                    0x0322                  AD1CON2 = 0x322
                    0x0322                  _AD1CON2 = 0x322
                    0x0322                  _AD1CON2bits = 0x322
                    0x0324                  AD1CON3 = 0x324
                    0x0324                  _AD1CON3 = 0x324
                    0x0324                  _AD1CON3bits = 0x324
                    0x0328                  AD1CHS = 0x328
                    0x0328                  _AD1CHS = 0x328
                    0x0328                  _AD1CHSbits = 0x328
                    0x032c                  AD1PCFG = 0x32c
                    0x032c                  _AD1PCFG = 0x32c
                    0x032c                  _AD1PCFGbits = 0x32c
                    0x0330                  AD1CSSL = 0x330
                    0x0330                  _AD1CSSL = 0x330
                    0x0330                  _AD1CSSLbits = 0x330
                    0x033c                  CTMUCON = 0x33c
                    0x033c                  _CTMUCON = 0x33c
                    0x033c                  _CTMUCONbits = 0x33c
                    0x033e                  CTMUICON = 0x33e
                    0x033e                  _CTMUICON = 0x33e
                    0x033e                  _CTMUICONbits = 0x33e
                    0x0620                  ALRMVAL = 0x620
                    0x0620                  _ALRMVAL = 0x620
                    0x0622                  ALCFGRPT = 0x622
                    0x0622                  _ALCFGRPT = 0x622
                    0x0622                  _ALCFGRPTbits = 0x622
                    0x0624                  RTCVAL = 0x624
                    0x0624                  _RTCVAL = 0x624
                    0x0626                  RCFGCAL = 0x626
                    0x0626                  _RCFGCAL = 0x626
                    0x0626                  _RCFGCALbits = 0x626
                    0x0630                  CMSTAT = 0x630
                    0x0630                  _CMSTAT = 0x630
                    0x0630                  _CMSTATbits = 0x630
                    0x0632                  CVRCON = 0x632
                    0x0632                  _CVRCON = 0x632
                    0x0632                  _CVRCONbits = 0x632
                    0x0634                  CM1CON = 0x634
                    0x0634                  _CM1CON = 0x634
                    0x0634                  _CM1CONbits = 0x634
                    0x0636                  CM2CON = 0x636
                    0x0636                  _CM2CON = 0x636
                    0x0636                  _CM2CONbits = 0x636
                    0x0640                  CRCCON = 0x640
                    0x0640                  _CRCCON = 0x640
                    0x0640                  _CRCCONbits = 0x640
                    0x0642                  CRCXOR = 0x642
                    0x0642                  _CRCXOR = 0x642
                    0x0644                  CRCDAT = 0x644
                    0x0644                  _CRCDAT = 0x644
                    0x0646                  CRCWDAT = 0x646
                    0x0646                  _CRCWDAT = 0x646
                    0x0740                  RCON = 0x740
                    0x0740                  _RCON = 0x740
                    0x0740                  _RCONbits = 0x740
                    0x0742                  OSCCON = 0x742
                    0x0742                  _OSCCON = 0x742
                    0x0742                  _OSCCONbits = 0x742
                    0x0742                  OSCCONL = 0x742
                    0x0742                  _OSCCONL = 0x742
                    0x0743                  OSCCONH = 0x743
                    0x0743                  _OSCCONH = 0x743
                    0x0744                  CLKDIV = 0x744
                    0x0744                  _CLKDIV = 0x744
                    0x0744                  _CLKDIVbits = 0x744
                    0x0748                  OSCTUN = 0x748
                    0x0748                  _OSCTUN = 0x748
                    0x0748                  _OSCTUNbits = 0x748
                    0x074e                  REFOCON = 0x74e
                    0x074e                  _REFOCON = 0x74e
                    0x074e                  _REFOCONbits = 0x74e
                    0x0756                  HLVDCON = 0x756
                    0x0756                  _HLVDCON = 0x756
                    0x0756                  _HLVDCONbits = 0x756
                    0x0758                  DSCON = 0x758
                    0x0758                  _DSCON = 0x758
                    0x0758                  _DSCONbits = 0x758
                    0x075a                  DSWAKE = 0x75a
                    0x075a                  _DSWAKE = 0x75a
                    0x075a                  _DSWAKEbits = 0x75a
                    0x075a                  DSWSRC = 0x75a
                    0x075a                  _DSWSRC = 0x75a
                    0x075a                  _DSWSRCbits = 0x75a
                    0x075c                  DSGPR0 = 0x75c
                    0x075c                  _DSGPR0 = 0x75c
                    0x075e                  DSGPR1 = 0x75e
                    0x075e                  _DSGPR1 = 0x75e
                    0x0760                  NVMCON = 0x760
                    0x0760                  _NVMCON = 0x760
                    0x0760                  _NVMCONbits = 0x760
                    0x0766                  NVMKEY = 0x766
                    0x0766                  _NVMKEY = 0x766
                    0x0766                  _NVMKEYbits = 0x766
                    0x0770                  PMD1 = 0x770
                    0x0770                  _PMD1 = 0x770
                    0x0770                  _PMD1bits = 0x770
                    0x0772                  PMD2 = 0x772
                    0x0772                  _PMD2 = 0x772
                    0x0772                  _PMD2bits = 0x772
                    0x0774                  PMD3 = 0x774
                    0x0774                  _PMD3 = 0x774
                    0x0774                  _PMD3bits = 0x774
                    0x0776                  PMD4 = 0x776
                    0x0776                  _PMD4 = 0x776
                    0x0776                  _PMD4bits = 0x776
                    0x0140                  IC1 = 0x140
                    0x0140                  _IC1 = 0x140
                    0x0180                  OC1 = 0x180
                    0x0180                  _OC1 = 0x180
                    0x0240                  SPI1 = 0x240
                    0x0240                  _SPI1 = 0x240
                    0x0220                  UART1 = 0x220
                    0x0220                  _UART1 = 0x220
                    0x0230                  UART2 = 0x230
                    0x0230                  _UART2 = 0x230
START GROUP
LOAD /Applications/microchip/xc16/v2.00/bin/bin/../../lib/libc99-pic30-elf.a
LOAD /Applications/microchip/xc16/v2.00/bin/bin/../../lib/libm-elf.a
LOAD /Applications/microchip/xc16/v2.00/bin/bin/../../lib/libc99-elf.a
END GROUP
OUTPUT(dist/default/production/DriverProject4.X.production.elf elf32-pic30)
LOAD /CW/_FGSXr
LOAD /CW/_FBSX‚
LOAD default_isr
LOAD data_init

.debug_pubtypes
                  0x0001e0        0x45b
 .debug_pubtypes
                  0x0001e0         0x8a build/default/production/main.o
 .debug_pubtypes
                  0x00026a        0x197 build/default/production/IOs.o
 .debug_pubtypes
                  0x000401         0xa1 build/default/production/TimeDelay.o
 .debug_pubtypes
                  0x0004a2        0x11f build/default/production/UART2.o
 .debug_pubtypes
                  0x0005c1         0x7a build/default/production/ChangeClk.o

__c30_signature
                  0x00063b         0xf0
 __c30_signature
                  0x00063b          0x6 build/default/production/main.o
 __c30_signature
                  0x000641          0x6 build/default/production/IOs.o
 __c30_signature
                  0x000647          0x6 build/default/production/TimeDelay.o
 __c30_signature
                  0x00064d          0x6 build/default/production/UART2.o
 __c30_signature
                  0x000653          0x6 build/default/production/ChangeClk.o
 __c30_signature
                  0x000659          0x6 /Applications/microchip/xc16/v2.00/bin/bin/../../lib/libc99-pic30-elf.a(crt0_standard.o)
 __c30_signature
                  0x00065f          0x6 /Applications/microchip/xc16/v2.00/bin/bin/../../lib/libc99-pic30-elf.a(data_init_standard.o)
 __c30_signature
                  0x000665          0x6 /Applications/microchip/xc16/v2.00/bin/bin/../../lib/libc99-elf.a(strlen.XX_o)
 __c30_signature
                  0x00066b          0x6 /Applications/microchip/xc16/v2.00/bin/bin/../../lib/libc99-elf.a(__sio_sprintf_f.XX_o)
 __c30_signature
                  0x000671          0x6 /Applications/microchip/xc16/v2.00/bin/bin/../../lib/libc99-elf.a(__fmt_fp.XX_o)
 __c30_signature
                  0x000677          0x6 /Applications/microchip/xc16/v2.00/bin/bin/../../lib/libc99-elf.a(__int_vsprintf.XX_o)
 __c30_signature
                  0x00067d          0x6 /Applications/microchip/xc16/v2.00/bin/bin/../../lib/libc99-elf.a(__printf_core.XX_o)
 __c30_signature
                  0x000683          0x6 /Applications/microchip/xc16/v2.00/bin/bin/../../lib/libc99-elf.a(memcpy.XX_o)
 __c30_signature
                  0x000689          0x6 /Applications/microchip/xc16/v2.00/bin/bin/../../lib/libc99-elf.a(memset.XX_o)
 __c30_signature
                  0x00068f          0x6 /Applications/microchip/xc16/v2.00/bin/bin/../../lib/libc99-elf.a(__int_vsnprintf.XX_o)
 __c30_signature
                  0x000695          0x6 /Applications/microchip/xc16/v2.00/bin/bin/../../lib/libc99-elf.a(__int_vfprintf.XX_o)
 __c30_signature
                  0x00069b          0x6 /Applications/microchip/xc16/v2.00/bin/bin/../../lib/libc99-elf.a(atoi.XX_o)
 __c30_signature
                  0x0006a1          0x6 /Applications/microchip/xc16/v2.00/bin/bin/../../lib/libc99-elf.a(strcpy.XX_o)
 __c30_signature
                  0x0006a7          0x6 /Applications/microchip/xc16/v2.00/bin/bin/../../lib/libc99-elf.a(tolower.XX_o)
 __c30_signature
                  0x0006ad          0x6 /Applications/microchip/xc16/v2.00/bin/bin/../../lib/libc99-elf.a(__errno_location.XX_lo)
 __c30_signature
                  0x0006b3          0x6 /Applications/microchip/xc16/v2.00/bin/bin/../../lib/libc99-elf.a(__pop_float.XX_lo)
 __c30_signature
                  0x0006b9          0x6 /Applications/microchip/xc16/v2.00/bin/bin/../../lib/libc99-elf.a(__pop_int.XX_lo)
 __c30_signature
                  0x0006bf          0x6 /Applications/microchip/xc16/v2.00/bin/bin/../../lib/libc99-elf.a(__pop_ptr.XX_lo)
 __c30_signature
                  0x0006c5          0x6 /Applications/microchip/xc16/v2.00/bin/bin/../../lib/libc99-elf.a(stpcpy.XX_o)
 __c30_signature
                  0x0006cb          0x6 /Applications/microchip/xc16/v2.00/bin/bin/../../lib/libc99-pic30-elf.a(deqltle.XX_o)
 __c30_signature
                  0x0006d1          0x6 /Applications/microchip/xc16/v2.00/bin/bin/../../lib/libc99-pic30-elf.a(extendsfdf.XX_o)
 __c30_signature
                  0x0006d7          0x6 /Applications/microchip/xc16/v2.00/bin/bin/../../lib/libc99-pic30-elf.a(fixdfsi.XX_o)
 __c30_signature
                  0x0006dd          0x6 /Applications/microchip/xc16/v2.00/bin/bin/../../lib/libc99-pic30-elf.a(funpack.XX_o)
 __c30_signature
                  0x0006e3          0x6 /Applications/microchip/xc16/v2.00/bin/bin/../../lib/libc99-pic30-elf.a(mulsi3.XX_o)
 __c30_signature
                  0x0006e9          0x6 /Applications/microchip/xc16/v2.00/bin/bin/../../lib/libc99-pic30-elf.a(dpadd.XX_o)
 __c30_signature
                  0x0006ef          0x6 /Applications/microchip/xc16/v2.00/bin/bin/../../lib/libc99-pic30-elf.a(dpdiv.XX_o)
 __c30_signature
                  0x0006f5          0x6 /Applications/microchip/xc16/v2.00/bin/bin/../../lib/libc99-pic30-elf.a(dpmul.XX_o)
 __c30_signature
                  0x0006fb          0x6 /Applications/microchip/xc16/v2.00/bin/bin/../../lib/libc99-pic30-elf.a(dpsubs.XX_o)
 __c30_signature
                  0x000701          0x6 /Applications/microchip/xc16/v2.00/bin/bin/../../lib/libc99-pic30-elf.a(dcompare.XX_o)
 __c30_signature
                  0x000707          0x6 /Applications/microchip/xc16/v2.00/bin/bin/../../lib/libc99-pic30-elf.a(dtype.XX_o)
 __c30_signature
                  0x00070d          0x6 /Applications/microchip/xc16/v2.00/bin/bin/../../lib/libc99-pic30-elf.a(dunpack.XX_o)
 __c30_signature
                  0x000713          0x6 /Applications/microchip/xc16/v2.00/bin/bin/../../lib/libc99-pic30-elf.a(dunpack2.XX_o)
 __c30_signature
                  0x000719          0x6 /Applications/microchip/xc16/v2.00/bin/bin/../../lib/libc99-pic30-elf.a(dpropagateNaN.XX_o)
 __c30_signature
                  0x00071f          0x6 /Applications/microchip/xc16/v2.00/bin/bin/../../lib/libm-elf.a(floorl.XX_o)
 __c30_signature
                  0x000725          0x6 /Applications/microchip/xc16/v2.00/bin/bin/../../lib/libc99-pic30-elf.a(dgtge.XX_o)

.nbss               0x0800          0x6
 .nbss              0x0800          0x4 build/default/production/main.o
                    0x0800                  _CNflag
                    0x0802                  _i
 .nbss              0x0804          0x2 build/default/production/UART2.o
                    0x0804                  _clkval

.data               0x0806         0x2c
 .data              0x0806         0x1c /Applications/microchip/xc16/v2.00/bin/bin/../../lib/libc99-elf.a(__printf_core.XX_o)
 .data              0x0822         0x10 /Applications/microchip/xc16/v2.00/bin/bin/../../lib/libc99-elf.a(__fmt_fp.XX_o)

.bss                0x0832          0x2
 .bss               0x0832          0x2 /Applications/microchip/xc16/v2.00/bin/bin/../../lib/libc99-elf.a(__errno_location.XX_lo)
                    0x0832                  ___errno_val

.config_DSWDTEN
                  0xf80010          0x2
 .config_DSWDTEN
                  0xf80010          0x2 build/default/production/main.o

.config_BKBUG     0xf8000e          0x2
 .config_BKBUG    0xf8000e          0x2 build/default/production/main.o

.config_MCLRE     0xf8000c          0x2
 .config_MCLRE    0xf8000c          0x2 build/default/production/main.o

.config_FWDTEN    0xf8000a          0x2
 .config_FWDTEN
                  0xf8000a          0x2 build/default/production/main.o

.config_FCKSM     0xf80008          0x2
 .config_FCKSM    0xf80008          0x2 build/default/production/main.o

.config_IESO      0xf80006          0x2
 .config_IESO     0xf80006          0x2 build/default/production/main.o

.ivt._CNInterrupt
                  0x00003a          0x2
 .ivt._CNInterrupt
                  0x00003a          0x2 build/default/production/IOs.o

.ivt._T2Interrupt
                  0x000022          0x2
 .ivt._T2Interrupt
                  0x000022          0x2 build/default/production/TimeDelay.o

.ivt._U2TXInterrupt
                  0x000052          0x2
 .ivt._U2TXInterrupt
                  0x000052          0x2 build/default/production/UART2.o

.const              0x96d0         0x32 load address 0x0016d0  
 .const             0x96d0         0x32 build/default/production/main.o

.text             0x001702        0x3e4
 .text            0x001702        0x246 build/default/production/UART2.o
                  0x001702                  _InitUART2
                  0x00176a                  _XmitUART2
                  0x0017aa                  _Disp2Hex
                  0x001822                  _Disp2Hex32
                  0x0018a4                  _Disp2Dec
                  0x001920                  _Disp2String
 .text            0x001948         0x96 build/default/production/IOs.o
                  0x001948                  _IOinit
                  0x001974                  _IOcheck
 .text            0x0019de         0x8c build/default/production/main.o
                  0x0019de                  _main
 .text            0x001a6a         0x7c build/default/production/ChangeClk.o
                  0x001a6a                  _NewClk

.dinit            0x001ae6         0x40
 .dinit           0x001ae6         0x40 data_init

.text             0x001b26         0x36
 .text            0x001b26         0x36 build/default/production/TimeDelay.o
                  0x001b26                  _delay_ms
