Microchip Technology Inc, v2.00 (B)

Tool Name:
  /Applications/microchip/xc16/v2.00/bin/bin/../bin/elf-ld

Command:
  -p24F16KA101 \
  --mdfp=/Applications/microchip/mplabx/v6.00/packs/Microchip/PIC24F-KA-KL-KM_DFP/1.4.83/xc16 \
  -o \
  dist/default/production/AppProject1.X.production.elf \
  -L/Applications/microchip/xc16/v2.00/bin/bin/.. \
  -L/Applications/microchip/mplabx/v6.00/packs/Microchip/PIC24F-KA-KL-KM_DFP/1.4.83/xc16/bin/../support/PIC24F/gld \
  -L/Applications/microchip/xc16/v2.00/bin/bin/../../lib \
  -L/Applications/microchip/xc16/v2.00/bin/bin/../../support/PIC24E/gld \
  -L/Applications/microchip/xc16/v2.00/bin/bin/../../support/PIC24F/gld \
  -L/Applications/microchip/xc16/v2.00/bin/bin/../../support/PIC24H/gld \
  -L/Applications/microchip/xc16/v2.00/bin/bin/../../support/dsPIC30F/gld \
  -L/Applications/microchip/xc16/v2.00/bin/bin/../../support/dsPIC33C/gld \
  -L/Applications/microchip/xc16/v2.00/bin/bin/../../support/dsPIC33E/gld \
  -L/Applications/microchip/xc16/v2.00/bin/bin/../../support/dsPIC33F/gld \
  build/default/production/main.o \
  build/default/production/ChangeClk.o \
  build/default/production/TimeDelay.o \
  build/default/production/IOs.o \
  build/default/production/UART2.o \
  --defsym=__MPLAB_BUILD=1 \
  -Tp24F16KA101.gld.00 \
  --stack=16 \
  --check-sections \
  --data-init \
  --pack-data \
  --handles \
  --isr \
  --no-gc-sections \
  --fill-upper=0 \
  --stackguard=16 \
  --no-force-link \
  --smart-io \
  -Map=dist/default/production/AppProject1.X.production.map \
  --report-mem \
  --memorysummary \
  dist/default/production/memoryfile.xml \
  -start-group \
  --library=c99-pic30-elf \
  --library=m-elf \
  --library=c99-elf \
  -end-group \


Optional library libpPIC24Fxxx.a not found
Archive member included because of file (symbol)

/Applications/microchip/xc16/v2.00/bin/bin/../../lib/libc99-pic30-elf.a(crt0_standard.o)
                              (__resetPRI)
/Applications/microchip/xc16/v2.00/bin/bin/../../lib/libc99-pic30-elf.a(data_init_standard.o)
                              /Applications/microchip/xc16/v2.00/bin/bin/../../lib/libc99-pic30-elf.a(crt0_standard.o) (__data_init_standard)
/Applications/microchip/xc16/v2.00/bin/bin/../../lib/libc99-pic30-elf.a(crt_start_mode_normal.Meo)
                              (__crt_start_mode_normal)
/Applications/microchip/xc16/v2.00/bin/bin/../../lib/libc99-pic30-elf.a(fixunssfsi.XX_o)
                              build/default/production/UART2.o (___fixunssfsi)
/Applications/microchip/xc16/v2.00/bin/bin/../../lib/libc99-pic30-elf.a(floatsisf.XX_o)
                              build/default/production/UART2.o (___floatsisf)
/Applications/microchip/xc16/v2.00/bin/bin/../../lib/libc99-pic30-elf.a(floatunsisf.XX_o)
                              build/default/production/UART2.o (___floatunsisf)
/Applications/microchip/xc16/v2.00/bin/bin/../../lib/libc99-pic30-elf.a(funpack.XX_o)
                              /Applications/microchip/xc16/v2.00/bin/bin/../../lib/libc99-pic30-elf.a(fixunssfsi.XX_o) (__funpack)
/Applications/microchip/xc16/v2.00/bin/bin/../../lib/libc99-pic30-elf.a(divsf3x.XX_o)
                              build/default/production/UART2.o (___divsf3)
/Applications/microchip/xc16/v2.00/bin/bin/../../lib/libc99-pic30-elf.a(typefx.XX_o)
                              /Applications/microchip/xc16/v2.00/bin/bin/../../lib/libc99-pic30-elf.a(divsf3x.XX_o) (__typef)
/Applications/microchip/xc16/v2.00/bin/bin/../../lib/libc99-pic30-elf.a(spackfx.XX_o)
                              /Applications/microchip/xc16/v2.00/bin/bin/../../lib/libc99-pic30-elf.a(divsf3x.XX_o) (__spackf)
/Applications/microchip/xc16/v2.00/bin/bin/../../lib/libc99-pic30-elf.a(unpackfx.XX_o)
                              /Applications/microchip/xc16/v2.00/bin/bin/../../lib/libc99-pic30-elf.a(divsf3x.XX_o) (__unpackf)
/Applications/microchip/xc16/v2.00/bin/bin/../../lib/libc99-pic30-elf.a(errno.XX_o)
                              /Applications/microchip/xc16/v2.00/bin/bin/../../lib/libc99-pic30-elf.a(divsf3x.XX_o) (_errno)
/Applications/microchip/xc16/v2.00/bin/bin/../../lib/libc99-pic30-elf.a(floatdisf.XX_o)
                              /Applications/microchip/xc16/v2.00/bin/bin/../../lib/libc99-pic30-elf.a(floatsisf.XX_o) (___floatdisf)
/Applications/microchip/xc16/v2.00/bin/bin/../../lib/libc99-pic30-elf.a(floatundisf.XX_o)
                              /Applications/microchip/xc16/v2.00/bin/bin/../../lib/libc99-pic30-elf.a(floatunsisf.XX_o) (___floatundisf)
/Applications/microchip/xc16/v2.00/bin/bin/../../lib/libc99-pic30-elf.a(fpack.XX_o)
                              /Applications/microchip/xc16/v2.00/bin/bin/../../lib/libc99-pic30-elf.a(floatundisf.XX_o) (__fpack)
/Applications/microchip/xc16/v2.00/bin/bin/../../lib/libm-elf.a(powf.XX_o)
                              build/default/production/UART2.o (_powf)
/Applications/microchip/xc16/v2.00/bin/bin/../../lib/libm-elf.a(fabsf.XX_o)
                              /Applications/microchip/xc16/v2.00/bin/bin/../../lib/libm-elf.a(powf.XX_o) (_fabsf)
/Applications/microchip/xc16/v2.00/bin/bin/../../lib/libm-elf.a(scalbnf.XX_o)
                              /Applications/microchip/xc16/v2.00/bin/bin/../../lib/libm-elf.a(powf.XX_o) (_scalbnf)
/Applications/microchip/xc16/v2.00/bin/bin/../../lib/libm-elf.a(sqrtf.XX_o)
                              /Applications/microchip/xc16/v2.00/bin/bin/../../lib/libm-elf.a(powf.XX_o) (_sqrtf)
/Applications/microchip/xc16/v2.00/bin/bin/../../lib/libc99-elf.a(strlen.XX_o)
                              build/default/production/UART2.o (_strlen)
/Applications/microchip/xc16/v2.00/bin/bin/../../lib/libc99-elf.a(__errno_location.XX_o)
                              /Applications/microchip/xc16/v2.00/bin/bin/../../lib/libm-elf.a(powf.XX_o) (___errno_val)
/Applications/microchip/xc16/v2.00/bin/bin/../../lib/libc99-elf.a(__sio_sprintf_doux.XX_o)
                              build/default/production/IOs.o (__sprintf_cdnopuxX)
/Applications/microchip/xc16/v2.00/bin/bin/../../lib/libc99-elf.a(__fmt_d.XX_o)
                              /Applications/microchip/xc16/v2.00/bin/bin/../../lib/libc99-elf.a(__sio_sprintf_doux.XX_o) (___fmt_d_needed)
/Applications/microchip/xc16/v2.00/bin/bin/../../lib/libc99-elf.a(__fmt_o.XX_o)
                              /Applications/microchip/xc16/v2.00/bin/bin/../../lib/libc99-elf.a(__sio_sprintf_doux.XX_o) (___fmt_o_needed)
/Applications/microchip/xc16/v2.00/bin/bin/../../lib/libc99-elf.a(__fmt_s.XX_o)
                              /Applications/microchip/xc16/v2.00/bin/bin/../../lib/libc99-elf.a(__sio_sprintf_doux.XX_o) (___fmt_s_needed)
/Applications/microchip/xc16/v2.00/bin/bin/../../lib/libc99-elf.a(__fmt_u.XX_o)
                              /Applications/microchip/xc16/v2.00/bin/bin/../../lib/libc99-elf.a(__fmt_d.XX_o) (___cvt_u)
/Applications/microchip/xc16/v2.00/bin/bin/../../lib/libc99-elf.a(__fmt_x.XX_o)
                              /Applications/microchip/xc16/v2.00/bin/bin/../../lib/libc99-elf.a(__sio_sprintf_doux.XX_o) (___fmt_x_needed)
/Applications/microchip/xc16/v2.00/bin/bin/../../lib/libc99-elf.a(__int_vsprintf.XX_o)
                              /Applications/microchip/xc16/v2.00/bin/bin/../../lib/libc99-elf.a(__sio_sprintf_doux.XX_o) (___vsprintf)
/Applications/microchip/xc16/v2.00/bin/bin/../../lib/libc99-elf.a(__printf_core.XX_o)
                              /Applications/microchip/xc16/v2.00/bin/bin/../../lib/libc99-elf.a(__fmt_d.XX_o) (___pad)
/Applications/microchip/xc16/v2.00/bin/bin/../../lib/libc99-elf.a(memcpy.XX_o)
                              /Applications/microchip/xc16/v2.00/bin/bin/../../lib/libc99-elf.a(__printf_core.XX_o) (_memcpy)
/Applications/microchip/xc16/v2.00/bin/bin/../../lib/libc99-elf.a(memset.XX_o)
                              /Applications/microchip/xc16/v2.00/bin/bin/../../lib/libc99-elf.a(__printf_core.XX_o) (_memset)
/Applications/microchip/xc16/v2.00/bin/bin/../../lib/libc99-elf.a(__int_vsnprintf.XX_o)
                              /Applications/microchip/xc16/v2.00/bin/bin/../../lib/libc99-elf.a(__int_vsprintf.XX_o) (___vsnprintf)
/Applications/microchip/xc16/v2.00/bin/bin/../../lib/libc99-elf.a(__int_vfprintf.XX_o)
                              /Applications/microchip/xc16/v2.00/bin/bin/../../lib/libc99-elf.a(__int_vsnprintf.XX_o) (___vfprintf)
/Applications/microchip/xc16/v2.00/bin/bin/../../lib/libc99-elf.a(atoi.XX_o)
                              /Applications/microchip/xc16/v2.00/bin/bin/../../lib/libc99-elf.a(__printf_core.XX_o) (_atoi)
/Applications/microchip/xc16/v2.00/bin/bin/../../lib/libc99-elf.a(tolower.XX_o)
                              /Applications/microchip/xc16/v2.00/bin/bin/../../lib/libc99-elf.a(__printf_core.XX_o) (_tolower)
/Applications/microchip/xc16/v2.00/bin/bin/../../lib/libc99-elf.a(toupper.XX_o)
                              /Applications/microchip/xc16/v2.00/bin/bin/../../lib/libc99-elf.a(__fmt_x.XX_o) (_toupper)
/Applications/microchip/xc16/v2.00/bin/bin/../../lib/libc99-elf.a(__pop_float.XX_lo)
                              /Applications/microchip/xc16/v2.00/bin/bin/../../lib/libc99-elf.a(__printf_core.XX_o) (___pop_float)
/Applications/microchip/xc16/v2.00/bin/bin/../../lib/libc99-elf.a(__pop_int.XX_lo)
                              /Applications/microchip/xc16/v2.00/bin/bin/../../lib/libc99-elf.a(__printf_core.XX_o) (___pop_int)
/Applications/microchip/xc16/v2.00/bin/bin/../../lib/libc99-elf.a(__pop_ptr.XX_lo)
                              /Applications/microchip/xc16/v2.00/bin/bin/../../lib/libc99-elf.a(__printf_core.XX_o) (___pop_ptr)
/Applications/microchip/xc16/v2.00/bin/bin/../../lib/libc99-pic30-elf.a(extendsfdf.XX_o)
                              /Applications/microchip/xc16/v2.00/bin/bin/../../lib/libc99-elf.a(__pop_float.XX_lo) (___extendsfdf2)
/Applications/microchip/xc16/v2.00/bin/bin/../../lib/libc99-pic30-elf.a(feqltle.XX_o)
                              /Applications/microchip/xc16/v2.00/bin/bin/../../lib/libm-elf.a(powf.XX_o) (___lesf2)
/Applications/microchip/xc16/v2.00/bin/bin/../../lib/libc99-pic30-elf.a(fgtge.XX_o)
                              /Applications/microchip/xc16/v2.00/bin/bin/../../lib/libm-elf.a(powf.XX_o) (___gtsf2)
/Applications/microchip/xc16/v2.00/bin/bin/../../lib/libc99-pic30-elf.a(mulsi3.XX_o)
                              /Applications/microchip/xc16/v2.00/bin/bin/../../lib/libc99-elf.a(memset.XX_o) (___mulsi3)
/Applications/microchip/xc16/v2.00/bin/bin/../../lib/libc99-pic30-elf.a(addsf3x.XX_o)
                              /Applications/microchip/xc16/v2.00/bin/bin/../../lib/libm-elf.a(powf.XX_o) (___subsf3)
/Applications/microchip/xc16/v2.00/bin/bin/../../lib/libc99-pic30-elf.a(mulsf3x.XX_o)
                              /Applications/microchip/xc16/v2.00/bin/bin/../../lib/libm-elf.a(powf.XX_o) (___mulsf3)
/Applications/microchip/xc16/v2.00/bin/bin/../../lib/libc99-pic30-elf.a(dnrmpackfx.XX_o)
                              /Applications/microchip/xc16/v2.00/bin/bin/../../lib/libc99-pic30-elf.a(addsf3x.XX_o) (__dnrmpackf)
/Applications/microchip/xc16/v2.00/bin/bin/../../lib/libc99-pic30-elf.a(unpackdnrmfx.XX_o)
                              /Applications/microchip/xc16/v2.00/bin/bin/../../lib/libc99-pic30-elf.a(mulsf3x.XX_o) (__unpackdnrmf)
/Applications/microchip/xc16/v2.00/bin/bin/../../lib/libc99-pic30-elf.a(propnanfx.XX_o)
                              /Applications/microchip/xc16/v2.00/bin/bin/../../lib/libc99-pic30-elf.a(addsf3x.XX_o) (__propnanf)
/Applications/microchip/xc16/v2.00/bin/bin/../../lib/libc99-pic30-elf.a(fcompare.XX_o)
                              /Applications/microchip/xc16/v2.00/bin/bin/../../lib/libc99-pic30-elf.a(feqltle.XX_o) (__fcompare)
/Applications/microchip/xc16/v2.00/bin/bin/../../lib/libc99-pic30-elf.a(funpack2.XX_o)
                              /Applications/microchip/xc16/v2.00/bin/bin/../../lib/libc99-pic30-elf.a(fcompare.XX_o) (__funpack2)
/Applications/microchip/xc16/v2.00/bin/bin/../../lib/libc99-pic30-elf.a(divmoddi3.XX_o)
                              /Applications/microchip/xc16/v2.00/bin/bin/../../lib/libc99-elf.a(__fmt_u.XX_o) (___udivdi3)


xc16-ld 2.00 (B)

Default Code Model: Small
Default Data Model: Small
Default Scalar Model: Small

"program" Memory  [Origin = 0x200, Length = 0x2a00]

section                    address   length (PC units)   length (bytes) (dec)
-------                    -------   -----------------   --------------------
.text                        0x200              0x1fb0          0x2f88  (12168)
.const                      0x21b0                0x1a            0x27  (39)
.text                       0x21ca               0x472           0x6ab  (1707)
.dinit                      0x263c                0x44            0x66  (102)
.text                       0x2680                0x38            0x54  (84)

                 Total "program" memory used (bytes):         0x3714  (14100) 87%


"data" Memory  [Origin = 0x800, Length = 0x600]

section                    address      alignment gaps    total length  (dec)
-------                    -------      --------------    -------------------
.nbss                        0x800                   0             0x4  (4)
.data                        0x804                   0            0x34  (52)
.bss                         0x838                   0             0x2  (2)

                 Total "data" memory used (bytes):           0x3a  (58) 3%


Dynamic Memory Usage

region                     address                      maximum length  (dec)
------                     -------                      ---------------------
heap                             0                                   0  (0)
stack                        0x83a                               0x5c6  (1478)

                 Maximum dynamic memory (bytes):          0x5c6  (1478)

Info: Project is using a large data memory model when small data memory model is sufficient.


External Symbols in Data Memory (by address):

                    0x0800                  _clkval
                    0x0838                  ___errno_val

External Symbols in Data Memory (by name):

                    0x0838                  ___errno_val
                    0x0800                  _clkval

External Symbols in Program Memory (by address):

                  0x000200                  __resetPRI
                  0x00023c                  __psv_init
                  0x000252                  __data_init_standard
                  0x000252                  __data_init
                  0x0002c8                  __T2Interrupt
                  0x0002d2                  __CNInterrupt
                  0x0002f6                  __U2RXInterrupt
                  0x0002fe                  __U2TXInterrupt
                  0x000306                  __DefaultInterrupt
                  0x00030c                  ___fixunssfsi
                  0x000342                  ___floatsisf
                  0x000348                  ___floatunsisf
                  0x00034c                  __funpack
                  0x000376                  ___divsf3
                  0x000376                  ___divsf3x
                  0x000508                  __sdivf
                  0x000534                  __typef
                  0x000568                  __spackf
                  0x00060e                  __unpackf
                  0x000674                  ___floatdisf
                  0x000694                  ___floatundisf
                  0x0006f2                  __fpack
                  0x00073e                  _powf
                  0x000efe                  _fabsf
                  0x000f08                  _scalbnf
                  0x000f5c                  _sqrtf
                  0x001070                  _strlen
                  0x0010ac                  ___sio_sprintf_doux
                  0x0010b6                  ___fmt_d
                  0x001168                  ___fmt_o
                  0x0011d2                  ___fmt_s
                  0x001226                  ___cvt_u
                  0x0012ca                  ___fmt_u
                  0x00131c                  ___fmt_x
                  0x001466                  ___vsprintf
                  0x001496                  ___pad
                  0x001510                  ___fmt_state
                  0x0017fc                  ___printf_core
                  0x00183c                  _memcpy
                  0x00184a                  _memset
                  0x001910                  ___vsnprintf
                  0x00195a                  ___vfprintf
                  0x00198a                  _atoi
                  0x0019d6                  _tolower
                  0x0019e2                  ___tolower_l
                  0x0019e4                  _toupper
                  0x0019f0                  ___toupper_l
                  0x0019f2                  ___pop_float
                  0x001a30                  ___pop_int
                  0x001ae2                  ___pop_ptr
                  0x001b56                  ___extendsfdf2
                  0x001b94                  ___eqsf2
                  0x001b94                  ___lesf2
                  0x001b94                  ___ltsf2
                  0x001b98                  ___gesf2
                  0x001b98                  ___gtsf2
                  0x001b9c                  ___mulp32peds3
                  0x001b9c                  ___mulp32eds3
                  0x001b9c                  ___mulsi3
                  0x001ba8                  ___subsf3
                  0x001ba8                  ___subsf3x
                  0x001bba                  ___addsf3x
                  0x001bba                  ___addsf3
                  0x001d84                  ___mulsf3
                  0x001d84                  ___mulsf3x
                  0x001e90                  __dnrmpackf
                  0x001ee4                  __unpackdnrmf
                  0x001f42                  __propnanf
                  0x001f54                  __fcompare
                  0x001f8a                  __funpack2
                  0x001fe6                  ___udivmoddi3
                  0x0020de                  ___udivdi3
                  0x0020ec                  ___umoddi3
                  0x0020f4                  ___divdi3
                  0x002154                  ___moddi3
                  0x0021ca                  _InitUART2
                  0x002232                  _XmitUART2
                  0x002272                  _Disp2Hex
                  0x0022ea                  _Disp2Hex32
                  0x00236c                  _Disp2Dec
                  0x0023d8                  _Disp2String
                  0x002400                  _format_time
                  0x00241c                  _IOinit
                  0x00244c                  _IOcheck
                  0x0025c0                  _NewClk
                  0x002680                  _delay_ms
                  0x0026a8                  _main

External Symbols in Program Memory (by name):

                  0x00236c                  _Disp2Dec
                  0x002272                  _Disp2Hex
                  0x0022ea                  _Disp2Hex32
                  0x0023d8                  _Disp2String
                  0x00244c                  _IOcheck
                  0x00241c                  _IOinit
                  0x0021ca                  _InitUART2
                  0x0025c0                  _NewClk
                  0x002232                  _XmitUART2
                  0x0002d2                  __CNInterrupt
                  0x000306                  __DefaultInterrupt
                  0x0002c8                  __T2Interrupt
                  0x0002f6                  __U2RXInterrupt
                  0x0002fe                  __U2TXInterrupt
                  0x001bba                  ___addsf3
                  0x001bba                  ___addsf3x
                  0x001226                  ___cvt_u
                  0x0020f4                  ___divdi3
                  0x000376                  ___divsf3
                  0x000376                  ___divsf3x
                  0x001b94                  ___eqsf2
                  0x001b56                  ___extendsfdf2
                  0x00030c                  ___fixunssfsi
                  0x000674                  ___floatdisf
                  0x000342                  ___floatsisf
                  0x000694                  ___floatundisf
                  0x000348                  ___floatunsisf
                  0x0010b6                  ___fmt_d
                  0x001168                  ___fmt_o
                  0x0011d2                  ___fmt_s
                  0x001510                  ___fmt_state
                  0x0012ca                  ___fmt_u
                  0x00131c                  ___fmt_x
                  0x001b98                  ___gesf2
                  0x001b98                  ___gtsf2
                  0x001b94                  ___lesf2
                  0x001b94                  ___ltsf2
                  0x002154                  ___moddi3
                  0x001b9c                  ___mulp32eds3
                  0x001b9c                  ___mulp32peds3
                  0x001d84                  ___mulsf3
                  0x001d84                  ___mulsf3x
                  0x001b9c                  ___mulsi3
                  0x001496                  ___pad
                  0x0019f2                  ___pop_float
                  0x001a30                  ___pop_int
                  0x001ae2                  ___pop_ptr
                  0x0017fc                  ___printf_core
                  0x0010ac                  ___sio_sprintf_doux
                  0x001ba8                  ___subsf3
                  0x001ba8                  ___subsf3x
                  0x0019e2                  ___tolower_l
                  0x0019f0                  ___toupper_l
                  0x0020de                  ___udivdi3
                  0x001fe6                  ___udivmoddi3
                  0x0020ec                  ___umoddi3
                  0x00195a                  ___vfprintf
                  0x001910                  ___vsnprintf
                  0x001466                  ___vsprintf
                  0x000252                  __data_init
                  0x000252                  __data_init_standard
                  0x001e90                  __dnrmpackf
                  0x001f54                  __fcompare
                  0x0006f2                  __fpack
                  0x00034c                  __funpack
                  0x001f8a                  __funpack2
                  0x001f42                  __propnanf
                  0x00023c                  __psv_init
                  0x000200                  __resetPRI
                  0x000508                  __sdivf
                  0x000568                  __spackf
                  0x000534                  __typef
                  0x001ee4                  __unpackdnrmf
                  0x00060e                  __unpackf
                  0x00198a                  _atoi
                  0x002680                  _delay_ms
                  0x000efe                  _fabsf
                  0x002400                  _format_time
                  0x0026a8                  _main
                  0x00183c                  _memcpy
                  0x00184a                  _memset
                  0x00073e                  _powf
                  0x000f08                  _scalbnf
                  0x000f5c                  _sqrtf
                  0x001070                  _strlen
                  0x0019d6                  _tolower
                  0x0019e4                  _toupper

Memory Configuration

Name             Origin             Length             Attributes
data             0x000800           0x000600           a !xr
reset            0x000000           0x000004  
ivt              0x000004           0x0000fc  
_reserved        0x000100           0x000004  
aivt             0x000104           0x0000fc  
program          0x000200           0x002a00           xr
eedata           0x7ffe00           0x000200  
FBS              0xf80000           0x000002  
FGS              0xf80004           0x000002  
FOSCSEL          0xf80006           0x000002  
FOSC             0xf80008           0x000002  
FWDT             0xf8000a           0x000002  
FPOR             0xf8000c           0x000002  
FICD             0xf8000e           0x000002  
FDS              0xf80010           0x000002  
*default*        0x000000           0xffffffffffffffff  

Linker script and memory map

LOAD build/default/production/main.o
LOAD build/default/production/ChangeClk.o
LOAD build/default/production/TimeDelay.o
LOAD build/default/production/IOs.o
LOAD build/default/production/UART2.o
                    0x0001                  __MPLAB_BUILD = 0x1
LOAD pPIC24Fxxx
LOAD /Applications/microchip/xc16/v2.00/bin/bin/../../lib/libfx-elf.a
                    0xf80000                  __FBS = 0xf80000
                    0xf80004                  __FGS = 0xf80004
                    0xf80006                  __FOSCSEL = 0xf80006
                    0xf80008                  __FOSC = 0xf80008
                    0xf8000a                  __FWDT = 0xf8000a
                    0xf8000c                  __FPOR = 0xf8000c
                    0xf8000e                  __FICD = 0xf8000e
                    0xf80010                  __FDS = 0xf80010
                    0x0001                  __NO_HANDLES = 0x1
                    0x0200                  __CODE_BASE = 0x200
                    0x2a00                  __CODE_LENGTH = 0x2a00
                    0x0004                  __IVT_BASE = 0x4
                    0x0104                  __AIVT_BASE = 0x104
                    0x0800                  __DATA_BASE = 0x800
                    0x0600                  __DATA_LENGTH = 0x600

.reset            0x000000          0x4
                  0x000000          0x2 SHORT 0x200 ABSOLUTE (__reset)
                  0x000001          0x2 SHORT 0x4
                  0x000002          0x2 SHORT 0x0 ((ABSOLUTE (__reset) >> 0x10) & 0x7f)
                  0x000003          0x2 SHORT 0x0

.text             0x000200       0x1fb0
 *(.init)
 .init            0x000200         0x4c /Applications/microchip/xc16/v2.00/bin/bin/../../lib/libc99-pic30-elf.a(crt0_standard.o)
                  0x000200                  __reset
                  0x000200                  __resetPRI
                  0x00023c                  __psv_init
 .init            0x00024c         0x7c /Applications/microchip/xc16/v2.00/bin/bin/../../lib/libc99-pic30-elf.a(data_init_standard.o)
                  0x000252                  __data_init
                  0x000252                  __data_init_standard
 *(.user_init)
 *(.handle)
 *(.isr*)
 .isr.text        0x0002c8          0xa build/default/production/TimeDelay.o
                  0x0002c8                  __T2Interrupt
 .isr.text        0x0002d2         0x24 build/default/production/IOs.o
                  0x0002d2                  __CNInterrupt
 .isr.text        0x0002f6         0x10 build/default/production/UART2.o
                  0x0002f6                  __U2RXInterrupt
                  0x0002fe                  __U2TXInterrupt
 .isr             0x000306          0x4 default_isr
                  0x000306                  __DefaultInterrupt
 *(.libc)
 *(.libm)
 *(.libdsp)
 *(.lib*)
 .libpic30_crt_start_mode
                  0x00030a          0x2 /Applications/microchip/xc16/v2.00/bin/bin/../../lib/libc99-pic30-elf.a(crt_start_mode_normal.Meo)
                  0x00030a                  __crt_start_mode_normal
                  0x00030a                  __crt_start_mode
 .libm.fixunssfsi
                  0x00030c         0x36 /Applications/microchip/xc16/v2.00/bin/bin/../../lib/libc99-pic30-elf.a(fixunssfsi.XX_o)
                  0x00030c                  ___fixunssfsi
 .libm.floatsisf
                  0x000342          0x6 /Applications/microchip/xc16/v2.00/bin/bin/../../lib/libc99-pic30-elf.a(floatsisf.XX_o)
                  0x000342                  ___floatsisf
 .libm.floatunsisf
                  0x000348          0x4 /Applications/microchip/xc16/v2.00/bin/bin/../../lib/libc99-pic30-elf.a(floatunsisf.XX_o)
                  0x000348                  ___floatunsisf
 .libm.funpack    0x00034c         0x2a /Applications/microchip/xc16/v2.00/bin/bin/../../lib/libc99-pic30-elf.a(funpack.XX_o)
                  0x00034c                  __funpack
 .libmx           0x000376        0x1be /Applications/microchip/xc16/v2.00/bin/bin/../../lib/libc99-pic30-elf.a(divsf3x.XX_o)
                  0x000376                  ___divsf3x
                  0x000376                  ___divsf3
                  0x000508                  __sdivf
 .libmx           0x000534         0x34 /Applications/microchip/xc16/v2.00/bin/bin/../../lib/libc99-pic30-elf.a(typefx.XX_o)
                  0x000534                  __typef
 .libmx           0x000568         0xa6 /Applications/microchip/xc16/v2.00/bin/bin/../../lib/libc99-pic30-elf.a(spackfx.XX_o)
                  0x000568                  __spackf
 .libmx           0x00060e         0x66 /Applications/microchip/xc16/v2.00/bin/bin/../../lib/libc99-pic30-elf.a(unpackfx.XX_o)
                  0x00060e                  __unpackf
 .libm.floatdisf
                  0x000674         0x20 /Applications/microchip/xc16/v2.00/bin/bin/../../lib/libc99-pic30-elf.a(floatdisf.XX_o)
                  0x000674                  ___floatdisf
 .libm.floatundisf
                  0x000694         0x5e /Applications/microchip/xc16/v2.00/bin/bin/../../lib/libc99-pic30-elf.a(floatundisf.XX_o)
                  0x000694                  ___floatundisf
 .libm.fpack      0x0006f2         0x4c /Applications/microchip/xc16/v2.00/bin/bin/../../lib/libc99-pic30-elf.a(fpack.XX_o)
                  0x0006f2                  __fpack
 .libc.powf       0x00073e        0x7c0 /Applications/microchip/xc16/v2.00/bin/bin/../../lib/libm-elf.a(powf.XX_o)
                  0x00073e                  _powf
 .libc.fabsf      0x000efe          0xa /Applications/microchip/xc16/v2.00/bin/bin/../../lib/libm-elf.a(fabsf.XX_o)
                  0x000efe                  _fabsf
 .libc.scalbnf    0x000f08         0x54 /Applications/microchip/xc16/v2.00/bin/bin/../../lib/libm-elf.a(scalbnf.XX_o)
                  0x000f08                  _scalbnf
 .libc.sqrtf      0x000f5c        0x114 /Applications/microchip/xc16/v2.00/bin/bin/../../lib/libm-elf.a(sqrtf.XX_o)
                  0x000f5c                  _sqrtf
 .libc.strlen     0x001070         0x30 /Applications/microchip/xc16/v2.00/bin/bin/../../lib/libc99-elf.a(strlen.XX_o)
                  0x001070                  _strlen
 .libc.__wrap_sprintf
                  0x0010a0          0xc /Applications/microchip/xc16/v2.00/bin/bin/../../lib/libc99-elf.a(__sio_sprintf_doux.XX_o)
                  0x0010a0                  __dsprintf_cdnopuxX
                  0x0010a0                  __sprintf_cdnopuxX
 .libc.__sio_sprintf_doux
                  0x0010ac          0xa /Applications/microchip/xc16/v2.00/bin/bin/../../lib/libc99-elf.a(__sio_sprintf_doux.XX_o)
                  0x0010ac                  ___sio_sprintf_doux
 .libc.__fmt_d    0x0010b6         0xb2 /Applications/microchip/xc16/v2.00/bin/bin/../../lib/libc99-elf.a(__fmt_d.XX_o)
                  0x0010b6                  ___fmt_d_needed
                  0x0010b6                  ___fmt_d
 .libc.__fmt_o    0x001168         0x6a /Applications/microchip/xc16/v2.00/bin/bin/../../lib/libc99-elf.a(__fmt_o.XX_o)
                  0x001168                  ___fmt_o_needed
                  0x001168                  ___fmt_o
 .libc.__fmt_s    0x0011d2         0x54 /Applications/microchip/xc16/v2.00/bin/bin/../../lib/libc99-elf.a(__fmt_s.XX_o)
                  0x0011d2                  ___fmt_s
                  0x0011d2                  ___fmt_0_needed
                  0x0011d2                  ___fmt_s_needed
 .libc.__cvt_u    0x001226         0xa4 /Applications/microchip/xc16/v2.00/bin/bin/../../lib/libc99-elf.a(__fmt_u.XX_o)
                  0x001226                  ___cvt_u
 .libc.__fmt_u    0x0012ca         0x52 /Applications/microchip/xc16/v2.00/bin/bin/../../lib/libc99-elf.a(__fmt_u.XX_o)
                  0x0012ca                  ___fmt_u_needed
                  0x0012ca                  ___fmt_u
 .libc.__fmt_x    0x00131c        0x14a /Applications/microchip/xc16/v2.00/bin/bin/../../lib/libc99-elf.a(__fmt_x.XX_o)
                  0x00131c                  ___fmt_x
                  0x00131c                  ___fmt_x_needed
 .libc.__vsprintf
                  0x001466          0x8 /Applications/microchip/xc16/v2.00/bin/bin/../../lib/libc99-elf.a(__int_vsprintf.XX_o)
                  0x001466                  ___vsprintf
 .libc.__string_out
                  0x00146e         0x28 /Applications/microchip/xc16/v2.00/bin/bin/../../lib/libc99-elf.a(__printf_core.XX_o)
                  0x00146e                  ___out
 .libc.__pad      0x001496         0x74 /Applications/microchip/xc16/v2.00/bin/bin/../../lib/libc99-elf.a(__printf_core.XX_o)
                  0x001496                  ___pad
 .libc.__dummy_fmt3
                  0x00150a          0x2 /Applications/microchip/xc16/v2.00/bin/bin/../../lib/libc99-elf.a(__printf_core.XX_o)
 .libc.__dummy_fmt4
                  0x00150c          0x2 /Applications/microchip/xc16/v2.00/bin/bin/../../lib/libc99-elf.a(__printf_core.XX_o)
                  0x00150c                  ___fmt_a
                  0x00150c                  ___fmt_fp
 .libc.__dummy_fmts
                  0x00150e          0x2 /Applications/microchip/xc16/v2.00/bin/bin/../../lib/libc99-elf.a(__printf_core.XX_o)
 .libc.__fmt_state
                  0x001510         0x2c /Applications/microchip/xc16/v2.00/bin/bin/../../lib/libc99-elf.a(__printf_core.XX_o)
                  0x001510                  ___fmt_state
 .libc.vfpfcnvrt.clone.0
                  0x00153c        0x2c0 /Applications/microchip/xc16/v2.00/bin/bin/../../lib/libc99-elf.a(__printf_core.XX_o)
 .libc.__printf_core
                  0x0017fc         0x40 /Applications/microchip/xc16/v2.00/bin/bin/../../lib/libc99-elf.a(__printf_core.XX_o)
                  0x0017fc                  ___printf_core
 .libc.memcpy     0x00183c          0xe /Applications/microchip/xc16/v2.00/bin/bin/../../lib/libc99-elf.a(memcpy.XX_o)
                  0x00183c                  _memcpy
 .libc.memset     0x00184a         0xc6 /Applications/microchip/xc16/v2.00/bin/bin/../../lib/libc99-elf.a(memset.XX_o)
                  0x00184a                  _memset
 .libc.__vsnprintf
                  0x001910         0x4a /Applications/microchip/xc16/v2.00/bin/bin/../../lib/libc99-elf.a(__int_vsnprintf.XX_o)
                  0x001910                  ___vsnprintf
 .libc.__vfprintf
                  0x00195a         0x1c /Applications/microchip/xc16/v2.00/bin/bin/../../lib/libc99-elf.a(__int_vfprintf.XX_o)
                  0x00195a                  ___vfprintf
 .libc.__isspace
                  0x001976         0x14 /Applications/microchip/xc16/v2.00/bin/bin/../../lib/libc99-elf.a(atoi.XX_o)
 .libc.atoi       0x00198a         0x4c /Applications/microchip/xc16/v2.00/bin/bin/../../lib/libc99-elf.a(atoi.XX_o)
                  0x00198a                  _atoi
 .libc.tolower    0x0019d6          0xc /Applications/microchip/xc16/v2.00/bin/bin/../../lib/libc99-elf.a(tolower.XX_o)
                  0x0019d6                  _tolower
 .libc.__tolower_l
                  0x0019e2          0x2 /Applications/microchip/xc16/v2.00/bin/bin/../../lib/libc99-elf.a(tolower.XX_o)
                  0x0019e2                  _tolower_l
                  0x0019e2                  ___tolower_l
 .libc.toupper    0x0019e4          0xc /Applications/microchip/xc16/v2.00/bin/bin/../../lib/libc99-elf.a(toupper.XX_o)
                  0x0019e4                  _toupper
 .libc.__toupper_l
                  0x0019f0          0x2 /Applications/microchip/xc16/v2.00/bin/bin/../../lib/libc99-elf.a(toupper.XX_o)
                  0x0019f0                  _toupper_l
                  0x0019f0                  ___toupper_l
 .libc.__pop_float
                  0x0019f2         0x3e /Applications/microchip/xc16/v2.00/bin/bin/../../lib/libc99-elf.a(__pop_float.XX_lo)
                  0x0019f2                  ___pop_float_needed
                  0x0019f2                  ___pop_float
 .libc.__pop_int
                  0x001a30         0xb2 /Applications/microchip/xc16/v2.00/bin/bin/../../lib/libc99-elf.a(__pop_int.XX_lo)
                  0x001a30                  ___pop_int_needed
                  0x001a30                  ___pop_int
 .libc.__pop_ptr
                  0x001ae2         0x74 /Applications/microchip/xc16/v2.00/bin/bin/../../lib/libc99-elf.a(__pop_ptr.XX_lo)
                  0x001ae2                  ___pop_ptr
                  0x001ae2                  ___pop_ptr_needed
 .libm.extendsfdf2
                  0x001b56         0x3e /Applications/microchip/xc16/v2.00/bin/bin/../../lib/libc99-pic30-elf.a(extendsfdf.XX_o)
                  0x001b56                  ___extendsfdf2
 .libm.eqsf2      0x001b94          0x4 /Applications/microchip/xc16/v2.00/bin/bin/../../lib/libc99-pic30-elf.a(feqltle.XX_o)
                  0x001b94                  ___lesf2
                  0x001b94                  ___eqsf2
                  0x001b94                  ___ltsf2
 .libm.gtsf2      0x001b98          0x4 /Applications/microchip/xc16/v2.00/bin/bin/../../lib/libc99-pic30-elf.a(fgtge.XX_o)
                  0x001b98                  ___gtsf2
                  0x001b98                  ___gesf2
 .libm.mulsi3     0x001b9c          0xc /Applications/microchip/xc16/v2.00/bin/bin/../../lib/libc99-pic30-elf.a(mulsi3.XX_o)
                  0x001b9c                  ___mulp32eds3
                  0x001b9c                  ___mulp32peds3
                  0x001b9c                  ___mulsi3
 .libmx           0x001ba8        0x1dc /Applications/microchip/xc16/v2.00/bin/bin/../../lib/libc99-pic30-elf.a(addsf3x.XX_o)
                  0x001ba8                  ___subsf3
                  0x001ba8                  ___subsf3x
                  0x001bba                  ___addsf3
                  0x001bba                  ___addsf3x
 .libmx           0x001d84        0x10c /Applications/microchip/xc16/v2.00/bin/bin/../../lib/libc99-pic30-elf.a(mulsf3x.XX_o)
                  0x001d84                  ___mulsf3
                  0x001d84                  ___mulsf3x
 .libmx           0x001e90         0x54 /Applications/microchip/xc16/v2.00/bin/bin/../../lib/libc99-pic30-elf.a(dnrmpackfx.XX_o)
                  0x001e90                  __dnrmpackf
 .libmx           0x001ee4         0x5e /Applications/microchip/xc16/v2.00/bin/bin/../../lib/libc99-pic30-elf.a(unpackdnrmfx.XX_o)
                  0x001ee4                  __unpackdnrmf
 .libmx           0x001f42         0x12 /Applications/microchip/xc16/v2.00/bin/bin/../../lib/libc99-pic30-elf.a(propnanfx.XX_o)
                  0x001f42                  __propnanf
 .libm.fcompare
                  0x001f54         0x36 /Applications/microchip/xc16/v2.00/bin/bin/../../lib/libc99-pic30-elf.a(fcompare.XX_o)
                  0x001f54                  __fcompare
 .libm.funpack2
                  0x001f8a         0x10 /Applications/microchip/xc16/v2.00/bin/bin/../../lib/libc99-pic30-elf.a(funpack2.XX_o)
                  0x001f8a                  __funpack2
 .libm.__PplusBdi
                  0x001f9a         0x26 /Applications/microchip/xc16/v2.00/bin/bin/../../lib/libc99-pic30-elf.a(divmoddi3.XX_o)
 .libm.__PminusBdi
                  0x001fc0         0x26 /Applications/microchip/xc16/v2.00/bin/bin/../../lib/libc99-pic30-elf.a(divmoddi3.XX_o)
 .libm.__udivmoddi3
                  0x001fe6         0xf8 /Applications/microchip/xc16/v2.00/bin/bin/../../lib/libc99-pic30-elf.a(divmoddi3.XX_o)
                  0x001fe6                  ___udivmoddi3
 .libm.__udivdi3
                  0x0020de          0xe /Applications/microchip/xc16/v2.00/bin/bin/../../lib/libc99-pic30-elf.a(divmoddi3.XX_o)
                  0x0020de                  ___udivdi3
 .libm.__umoddi3
                  0x0020ec          0x8 /Applications/microchip/xc16/v2.00/bin/bin/../../lib/libc99-pic30-elf.a(divmoddi3.XX_o)
                  0x0020ec                  ___umoddi3
 .libm.__divdi3
                  0x0020f4         0x60 /Applications/microchip/xc16/v2.00/bin/bin/../../lib/libc99-pic30-elf.a(divmoddi3.XX_o)
                  0x0020f4                  ___divdi3
 .libm.__moddi3
                  0x002154         0x5c /Applications/microchip/xc16/v2.00/bin/bin/../../lib/libc99-pic30-elf.a(divmoddi3.XX_o)
                  0x002154                  ___moddi3

usercode
 *(usercode)

__FBS
 *(__FBS.sec*)

__FGS
 *(__FGS.sec*)

__FOSCSEL
 *(__FOSCSEL.sec*)

__FOSC
 *(__FOSC.sec*)

__FWDT
 *(__FWDT.sec*)

__FPOR
 *(__FPOR.sec*)

__FICD
 *(__FICD.sec*)

__FDS
 *(__FDS.sec*)

.comment
 *(.comment)

.debug_info       0x000000       0x3a4a
 *(.debug_info)
 .debug_info      0x000000        0x164 build/default/production/main.o
 .debug_info      0x000164        0x553 build/default/production/ChangeClk.o
 .debug_info      0x0006b7        0x60f build/default/production/TimeDelay.o
 .debug_info      0x000cc6       0x1227 build/default/production/IOs.o
 .debug_info      0x001eed        0xe96 build/default/production/UART2.o
 .debug_info      0x002d83         0x90 /Applications/microchip/xc16/v2.00/bin/bin/../../lib/libc99-pic30-elf.a(fixunssfsi.XX_o)
 .debug_info      0x002e13         0x8f /Applications/microchip/xc16/v2.00/bin/bin/../../lib/libc99-pic30-elf.a(floatsisf.XX_o)
 .debug_info      0x002ea2         0x91 /Applications/microchip/xc16/v2.00/bin/bin/../../lib/libc99-pic30-elf.a(floatunsisf.XX_o)
 .debug_info      0x002f33         0x8d /Applications/microchip/xc16/v2.00/bin/bin/../../lib/libc99-pic30-elf.a(funpack.XX_o)
 .debug_info      0x002fc0         0x9d /Applications/microchip/xc16/v2.00/bin/bin/../../lib/libc99-pic30-elf.a(divsf3x.XX_o)
 .debug_info      0x00305d         0x9c /Applications/microchip/xc16/v2.00/bin/bin/../../lib/libc99-pic30-elf.a(typefx.XX_o)
 .debug_info      0x0030f9         0x9d /Applications/microchip/xc16/v2.00/bin/bin/../../lib/libc99-pic30-elf.a(spackfx.XX_o)
 .debug_info      0x003196         0x9e /Applications/microchip/xc16/v2.00/bin/bin/../../lib/libc99-pic30-elf.a(unpackfx.XX_o)
 .debug_info      0x003234         0x8f /Applications/microchip/xc16/v2.00/bin/bin/../../lib/libc99-pic30-elf.a(floatdisf.XX_o)
 .debug_info      0x0032c3         0x91 /Applications/microchip/xc16/v2.00/bin/bin/../../lib/libc99-pic30-elf.a(floatundisf.XX_o)
 .debug_info      0x003354         0x8b /Applications/microchip/xc16/v2.00/bin/bin/../../lib/libc99-pic30-elf.a(fpack.XX_o)
 .debug_info      0x0033df         0x90 /Applications/microchip/xc16/v2.00/bin/bin/../../lib/libc99-pic30-elf.a(extendsfdf.XX_o)
 .debug_info      0x00346f         0x8d /Applications/microchip/xc16/v2.00/bin/bin/../../lib/libc99-pic30-elf.a(feqltle.XX_o)
 .debug_info      0x0034fc         0x8b /Applications/microchip/xc16/v2.00/bin/bin/../../lib/libc99-pic30-elf.a(fgtge.XX_o)
 .debug_info      0x003587         0x8c /Applications/microchip/xc16/v2.00/bin/bin/../../lib/libc99-pic30-elf.a(mulsi3.XX_o)
 .debug_info      0x003613         0x9d /Applications/microchip/xc16/v2.00/bin/bin/../../lib/libc99-pic30-elf.a(addsf3x.XX_o)
 .debug_info      0x0036b0         0x9d /Applications/microchip/xc16/v2.00/bin/bin/../../lib/libc99-pic30-elf.a(mulsf3x.XX_o)
 .debug_info      0x00374d         0xa0 /Applications/microchip/xc16/v2.00/bin/bin/../../lib/libc99-pic30-elf.a(dnrmpackfx.XX_o)
 .debug_info      0x0037ed         0xa2 /Applications/microchip/xc16/v2.00/bin/bin/../../lib/libc99-pic30-elf.a(unpackdnrmfx.XX_o)
 .debug_info      0x00388f         0x9f /Applications/microchip/xc16/v2.00/bin/bin/../../lib/libc99-pic30-elf.a(propnanfx.XX_o)
 .debug_info      0x00392e         0x8e /Applications/microchip/xc16/v2.00/bin/bin/../../lib/libc99-pic30-elf.a(fcompare.XX_o)
 .debug_info      0x0039bc         0x8e /Applications/microchip/xc16/v2.00/bin/bin/../../lib/libc99-pic30-elf.a(funpack2.XX_o)
 *(.gnu.linkonce.wi.*)

.debug_abbrev     0x000000        0x65a
 *(.debug_abbrev)
 .debug_abbrev    0x000000         0x34 build/default/production/main.o
 .debug_abbrev    0x000034        0x123 build/default/production/ChangeClk.o
 .debug_abbrev    0x000157         0xeb build/default/production/TimeDelay.o
 .debug_abbrev    0x000242        0x143 build/default/production/IOs.o
 .debug_abbrev    0x000385        0x11d build/default/production/UART2.o
 .debug_abbrev    0x0004a2         0x14 /Applications/microchip/xc16/v2.00/bin/bin/../../lib/libc99-pic30-elf.a(fixunssfsi.XX_o)
 .debug_abbrev    0x0004b6         0x14 /Applications/microchip/xc16/v2.00/bin/bin/../../lib/libc99-pic30-elf.a(floatsisf.XX_o)
 .debug_abbrev    0x0004ca         0x14 /Applications/microchip/xc16/v2.00/bin/bin/../../lib/libc99-pic30-elf.a(floatunsisf.XX_o)
 .debug_abbrev    0x0004de         0x14 /Applications/microchip/xc16/v2.00/bin/bin/../../lib/libc99-pic30-elf.a(funpack.XX_o)
 .debug_abbrev    0x0004f2         0x14 /Applications/microchip/xc16/v2.00/bin/bin/../../lib/libc99-pic30-elf.a(divsf3x.XX_o)
 .debug_abbrev    0x000506         0x14 /Applications/microchip/xc16/v2.00/bin/bin/../../lib/libc99-pic30-elf.a(typefx.XX_o)
 .debug_abbrev    0x00051a         0x14 /Applications/microchip/xc16/v2.00/bin/bin/../../lib/libc99-pic30-elf.a(spackfx.XX_o)
 .debug_abbrev    0x00052e         0x14 /Applications/microchip/xc16/v2.00/bin/bin/../../lib/libc99-pic30-elf.a(unpackfx.XX_o)
 .debug_abbrev    0x000542         0x14 /Applications/microchip/xc16/v2.00/bin/bin/../../lib/libc99-pic30-elf.a(floatdisf.XX_o)
 .debug_abbrev    0x000556         0x14 /Applications/microchip/xc16/v2.00/bin/bin/../../lib/libc99-pic30-elf.a(floatundisf.XX_o)
 .debug_abbrev    0x00056a         0x14 /Applications/microchip/xc16/v2.00/bin/bin/../../lib/libc99-pic30-elf.a(fpack.XX_o)
 .debug_abbrev    0x00057e         0x14 /Applications/microchip/xc16/v2.00/bin/bin/../../lib/libc99-pic30-elf.a(extendsfdf.XX_o)
 .debug_abbrev    0x000592         0x14 /Applications/microchip/xc16/v2.00/bin/bin/../../lib/libc99-pic30-elf.a(feqltle.XX_o)
 .debug_abbrev    0x0005a6         0x14 /Applications/microchip/xc16/v2.00/bin/bin/../../lib/libc99-pic30-elf.a(fgtge.XX_o)
 .debug_abbrev    0x0005ba         0x14 /Applications/microchip/xc16/v2.00/bin/bin/../../lib/libc99-pic30-elf.a(mulsi3.XX_o)
 .debug_abbrev    0x0005ce         0x14 /Applications/microchip/xc16/v2.00/bin/bin/../../lib/libc99-pic30-elf.a(addsf3x.XX_o)
 .debug_abbrev    0x0005e2         0x14 /Applications/microchip/xc16/v2.00/bin/bin/../../lib/libc99-pic30-elf.a(mulsf3x.XX_o)
 .debug_abbrev    0x0005f6         0x14 /Applications/microchip/xc16/v2.00/bin/bin/../../lib/libc99-pic30-elf.a(dnrmpackfx.XX_o)
 .debug_abbrev    0x00060a         0x14 /Applications/microchip/xc16/v2.00/bin/bin/../../lib/libc99-pic30-elf.a(unpackdnrmfx.XX_o)
 .debug_abbrev    0x00061e         0x14 /Applications/microchip/xc16/v2.00/bin/bin/../../lib/libc99-pic30-elf.a(propnanfx.XX_o)
 .debug_abbrev    0x000632         0x14 /Applications/microchip/xc16/v2.00/bin/bin/../../lib/libc99-pic30-elf.a(fcompare.XX_o)
 .debug_abbrev    0x000646         0x14 /Applications/microchip/xc16/v2.00/bin/bin/../../lib/libc99-pic30-elf.a(funpack2.XX_o)

.debug_line       0x000000        0xefa
 *(.debug_line)
 .debug_line      0x000000         0x3a build/default/production/main.o
 .debug_line      0x00003a        0x10f build/default/production/ChangeClk.o
 .debug_line      0x000149        0x120 build/default/production/TimeDelay.o
 .debug_line      0x000269        0x17e build/default/production/IOs.o
 .debug_line      0x0003e7        0x178 build/default/production/UART2.o
 .debug_line      0x00055f         0x53 /Applications/microchip/xc16/v2.00/bin/bin/../../lib/libc99-pic30-elf.a(fixunssfsi.XX_o)
 .debug_line      0x0005b2         0x3a /Applications/microchip/xc16/v2.00/bin/bin/../../lib/libc99-pic30-elf.a(floatsisf.XX_o)
 .debug_line      0x0005ec         0x3b /Applications/microchip/xc16/v2.00/bin/bin/../../lib/libc99-pic30-elf.a(floatunsisf.XX_o)
 .debug_line      0x000627         0x4a /Applications/microchip/xc16/v2.00/bin/bin/../../lib/libc99-pic30-elf.a(funpack.XX_o)
 .debug_line      0x000671        0x124 /Applications/microchip/xc16/v2.00/bin/bin/../../lib/libc99-pic30-elf.a(divsf3x.XX_o)
 .debug_line      0x000795         0x5e /Applications/microchip/xc16/v2.00/bin/bin/../../lib/libc99-pic30-elf.a(typefx.XX_o)
 .debug_line      0x0007f3         0x98 /Applications/microchip/xc16/v2.00/bin/bin/../../lib/libc99-pic30-elf.a(spackfx.XX_o)
 .debug_line      0x00088b         0x79 /Applications/microchip/xc16/v2.00/bin/bin/../../lib/libc99-pic30-elf.a(unpackfx.XX_o)
 .debug_line      0x000904         0x1a /Applications/microchip/xc16/v2.00/bin/bin/../../lib/libc99-pic30-elf.a(errno.XX_o)
 .debug_line      0x00091e         0x47 /Applications/microchip/xc16/v2.00/bin/bin/../../lib/libc99-pic30-elf.a(floatdisf.XX_o)
 .debug_line      0x000965         0x6c /Applications/microchip/xc16/v2.00/bin/bin/../../lib/libc99-pic30-elf.a(floatundisf.XX_o)
 .debug_line      0x0009d1         0x5a /Applications/microchip/xc16/v2.00/bin/bin/../../lib/libc99-pic30-elf.a(fpack.XX_o)
 .debug_line      0x000a2b         0x59 /Applications/microchip/xc16/v2.00/bin/bin/../../lib/libc99-pic30-elf.a(extendsfdf.XX_o)
 .debug_line      0x000a84         0x37 /Applications/microchip/xc16/v2.00/bin/bin/../../lib/libc99-pic30-elf.a(feqltle.XX_o)
 .debug_line      0x000abb         0x35 /Applications/microchip/xc16/v2.00/bin/bin/../../lib/libc99-pic30-elf.a(fgtge.XX_o)
 .debug_line      0x000af0         0x3a /Applications/microchip/xc16/v2.00/bin/bin/../../lib/libc99-pic30-elf.a(mulsi3.XX_o)
 .debug_line      0x000b2a        0x136 /Applications/microchip/xc16/v2.00/bin/bin/../../lib/libc99-pic30-elf.a(addsf3x.XX_o)
 .debug_line      0x000c60         0xcc /Applications/microchip/xc16/v2.00/bin/bin/../../lib/libc99-pic30-elf.a(mulsf3x.XX_o)
 .debug_line      0x000d2c         0x72 /Applications/microchip/xc16/v2.00/bin/bin/../../lib/libc99-pic30-elf.a(dnrmpackfx.XX_o)
 .debug_line      0x000d9e         0x7a /Applications/microchip/xc16/v2.00/bin/bin/../../lib/libc99-pic30-elf.a(unpackdnrmfx.XX_o)
 .debug_line      0x000e18         0x51 /Applications/microchip/xc16/v2.00/bin/bin/../../lib/libc99-pic30-elf.a(propnanfx.XX_o)
 .debug_line      0x000e69         0x53 /Applications/microchip/xc16/v2.00/bin/bin/../../lib/libc99-pic30-elf.a(fcompare.XX_o)
 .debug_line      0x000ebc         0x3e /Applications/microchip/xc16/v2.00/bin/bin/../../lib/libc99-pic30-elf.a(funpack2.XX_o)

.debug_frame      0x000000        0x23e
 *(.debug_frame)
 .debug_frame     0x000000         0x2e build/default/production/main.o
 .debug_frame     0x00002e         0x2e build/default/production/ChangeClk.o
 .debug_frame     0x00005c         0x48 build/default/production/TimeDelay.o
 .debug_frame     0x0000a4         0xae build/default/production/IOs.o
 .debug_frame     0x000152         0xec build/default/production/UART2.o

.debug_str        0x000000        0x110
 *(.debug_str)
 .debug_str       0x000000         0x16 build/default/production/ChangeClk.o
 .debug_str       0x000016         0x25 build/default/production/TimeDelay.o
 .debug_str       0x00003b         0x87 build/default/production/IOs.o
 .debug_str       0x0000c2         0x4e build/default/production/UART2.o

.debug_loc
 *(.debug_loc)

.debug_macinfo
 *(.debug_macinfo)

.debug_pubnames
                  0x000000        0x14a
 *(.debug_pubnames)
 .debug_pubnames
                  0x000000         0x1b build/default/production/main.o
 .debug_pubnames
                  0x00001b         0x1d build/default/production/ChangeClk.o
 .debug_pubnames
                  0x000038         0x30 build/default/production/TimeDelay.o
 .debug_pubnames
                  0x000068         0x4a build/default/production/IOs.o
 .debug_pubnames
                  0x0000b2         0x98 build/default/production/UART2.o

.debug_ranges
 *(.debug_ranges)

.debug_aranges    0x000000        0x288
 *(.debug_aranges)
 .debug_aranges
                  0x000000         0x18 build/default/production/main.o
 .debug_aranges
                  0x000018         0x18 build/default/production/ChangeClk.o
 .debug_aranges
                  0x000030         0x18 build/default/production/TimeDelay.o
 .debug_aranges
                  0x000048         0x18 build/default/production/IOs.o
 .debug_aranges
                  0x000060         0x18 build/default/production/UART2.o
 .debug_aranges
                  0x000078         0x18 /Applications/microchip/xc16/v2.00/bin/bin/../../lib/libc99-pic30-elf.a(fixunssfsi.XX_o)
 .debug_aranges
                  0x000090         0x18 /Applications/microchip/xc16/v2.00/bin/bin/../../lib/libc99-pic30-elf.a(floatsisf.XX_o)
 .debug_aranges
                  0x0000a8         0x18 /Applications/microchip/xc16/v2.00/bin/bin/../../lib/libc99-pic30-elf.a(floatunsisf.XX_o)
 .debug_aranges
                  0x0000c0         0x18 /Applications/microchip/xc16/v2.00/bin/bin/../../lib/libc99-pic30-elf.a(funpack.XX_o)
 .debug_aranges
                  0x0000d8         0x18 /Applications/microchip/xc16/v2.00/bin/bin/../../lib/libc99-pic30-elf.a(divsf3x.XX_o)
 .debug_aranges
                  0x0000f0         0x18 /Applications/microchip/xc16/v2.00/bin/bin/../../lib/libc99-pic30-elf.a(typefx.XX_o)
 .debug_aranges
                  0x000108         0x18 /Applications/microchip/xc16/v2.00/bin/bin/../../lib/libc99-pic30-elf.a(spackfx.XX_o)
 .debug_aranges
                  0x000120         0x18 /Applications/microchip/xc16/v2.00/bin/bin/../../lib/libc99-pic30-elf.a(unpackfx.XX_o)
 .debug_aranges
                  0x000138         0x18 /Applications/microchip/xc16/v2.00/bin/bin/../../lib/libc99-pic30-elf.a(floatdisf.XX_o)
 .debug_aranges
                  0x000150         0x18 /Applications/microchip/xc16/v2.00/bin/bin/../../lib/libc99-pic30-elf.a(floatundisf.XX_o)
 .debug_aranges
                  0x000168         0x18 /Applications/microchip/xc16/v2.00/bin/bin/../../lib/libc99-pic30-elf.a(fpack.XX_o)
 .debug_aranges
                  0x000180         0x18 /Applications/microchip/xc16/v2.00/bin/bin/../../lib/libc99-pic30-elf.a(extendsfdf.XX_o)
 .debug_aranges
                  0x000198         0x18 /Applications/microchip/xc16/v2.00/bin/bin/../../lib/libc99-pic30-elf.a(feqltle.XX_o)
 .debug_aranges
                  0x0001b0         0x18 /Applications/microchip/xc16/v2.00/bin/bin/../../lib/libc99-pic30-elf.a(fgtge.XX_o)
 .debug_aranges
                  0x0001c8         0x18 /Applications/microchip/xc16/v2.00/bin/bin/../../lib/libc99-pic30-elf.a(mulsi3.XX_o)
 .debug_aranges
                  0x0001e0         0x18 /Applications/microchip/xc16/v2.00/bin/bin/../../lib/libc99-pic30-elf.a(addsf3x.XX_o)
 .debug_aranges
                  0x0001f8         0x18 /Applications/microchip/xc16/v2.00/bin/bin/../../lib/libc99-pic30-elf.a(mulsf3x.XX_o)
 .debug_aranges
                  0x000210         0x18 /Applications/microchip/xc16/v2.00/bin/bin/../../lib/libc99-pic30-elf.a(dnrmpackfx.XX_o)
 .debug_aranges
                  0x000228         0x18 /Applications/microchip/xc16/v2.00/bin/bin/../../lib/libc99-pic30-elf.a(unpackdnrmfx.XX_o)
 .debug_aranges
                  0x000240         0x18 /Applications/microchip/xc16/v2.00/bin/bin/../../lib/libc99-pic30-elf.a(propnanfx.XX_o)
 .debug_aranges
                  0x000258         0x18 /Applications/microchip/xc16/v2.00/bin/bin/../../lib/libc99-pic30-elf.a(fcompare.XX_o)
 .debug_aranges
                  0x000270         0x18 /Applications/microchip/xc16/v2.00/bin/bin/../../lib/libc99-pic30-elf.a(funpack2.XX_o)
                    0x0000                  WREG0 = 0x0
                    0x0000                  _WREG0 = 0x0
                    0x0002                  WREG1 = 0x2
                    0x0002                  _WREG1 = 0x2
                    0x0004                  WREG2 = 0x4
                    0x0004                  _WREG2 = 0x4
                    0x0006                  WREG3 = 0x6
                    0x0006                  _WREG3 = 0x6
                    0x0008                  WREG4 = 0x8
                    0x0008                  _WREG4 = 0x8
                    0x000a                  WREG5 = 0xa
                    0x000a                  _WREG5 = 0xa
                    0x000c                  WREG6 = 0xc
                    0x000c                  _WREG6 = 0xc
                    0x000e                  WREG7 = 0xe
                    0x000e                  _WREG7 = 0xe
                    0x0010                  WREG8 = 0x10
                    0x0010                  _WREG8 = 0x10
                    0x0012                  WREG9 = 0x12
                    0x0012                  _WREG9 = 0x12
                    0x0014                  WREG10 = 0x14
                    0x0014                  _WREG10 = 0x14
                    0x0016                  WREG11 = 0x16
                    0x0016                  _WREG11 = 0x16
                    0x0018                  WREG12 = 0x18
                    0x0018                  _WREG12 = 0x18
                    0x001a                  WREG13 = 0x1a
                    0x001a                  _WREG13 = 0x1a
                    0x001c                  WREG14 = 0x1c
                    0x001c                  _WREG14 = 0x1c
                    0x001e                  WREG15 = 0x1e
                    0x001e                  _WREG15 = 0x1e
                    0x0020                  SPLIM = 0x20
                    0x0020                  _SPLIM = 0x20
                    0x002e                  PCL = 0x2e
                    0x002e                  _PCL = 0x2e
                    0x0030                  PCH = 0x30
                    0x0030                  _PCH = 0x30
                    0x0032                  TBLPAG = 0x32
                    0x0032                  _TBLPAG = 0x32
                    0x0034                  PSVPAG = 0x34
                    0x0034                  _PSVPAG = 0x34
                    0x0036                  RCOUNT = 0x36
                    0x0036                  _RCOUNT = 0x36
                    0x0042                  SR = 0x42
                    0x0042                  _SR = 0x42
                    0x0042                  _SRbits = 0x42
                    0x0044                  CORCON = 0x44
                    0x0044                  _CORCON = 0x44
                    0x0044                  _CORCONbits = 0x44
                    0x0052                  DISICNT = 0x52
                    0x0052                  _DISICNT = 0x52
                    0x0060                  CNEN1 = 0x60
                    0x0060                  _CNEN1 = 0x60
                    0x0060                  _CNEN1bits = 0x60
                    0x0062                  CNEN2 = 0x62
                    0x0062                  _CNEN2 = 0x62
                    0x0062                  _CNEN2bits = 0x62
                    0x0068                  CNPU1 = 0x68
                    0x0068                  _CNPU1 = 0x68
                    0x0068                  _CNPU1bits = 0x68
                    0x006a                  CNPU2 = 0x6a
                    0x006a                  _CNPU2 = 0x6a
                    0x006a                  _CNPU2bits = 0x6a
                    0x0070                  CNPD1 = 0x70
                    0x0070                  _CNPD1 = 0x70
                    0x0070                  _CNPD1bits = 0x70
                    0x0072                  CNPD2 = 0x72
                    0x0072                  _CNPD2 = 0x72
                    0x0072                  _CNPD2bits = 0x72
                    0x0080                  INTCON1 = 0x80
                    0x0080                  _INTCON1 = 0x80
                    0x0080                  _INTCON1bits = 0x80
                    0x0082                  INTCON2 = 0x82
                    0x0082                  _INTCON2 = 0x82
                    0x0082                  _INTCON2bits = 0x82
                    0x0084                  IFS0 = 0x84
                    0x0084                  _IFS0 = 0x84
                    0x0084                  _IFS0bits = 0x84
                    0x0086                  IFS1 = 0x86
                    0x0086                  _IFS1 = 0x86
                    0x0086                  _IFS1bits = 0x86
                    0x008a                  IFS3 = 0x8a
                    0x008a                  _IFS3 = 0x8a
                    0x008a                  _IFS3bits = 0x8a
                    0x008c                  IFS4 = 0x8c
                    0x008c                  _IFS4 = 0x8c
                    0x008c                  _IFS4bits = 0x8c
                    0x0094                  IEC0 = 0x94
                    0x0094                  _IEC0 = 0x94
                    0x0094                  _IEC0bits = 0x94
                    0x0096                  IEC1 = 0x96
                    0x0096                  _IEC1 = 0x96
                    0x0096                  _IEC1bits = 0x96
                    0x009a                  IEC3 = 0x9a
                    0x009a                  _IEC3 = 0x9a
                    0x009a                  _IEC3bits = 0x9a
                    0x009c                  IEC4 = 0x9c
                    0x009c                  _IEC4 = 0x9c
                    0x009c                  _IEC4bits = 0x9c
                    0x00a4                  IPC0 = 0xa4
                    0x00a4                  _IPC0 = 0xa4
                    0x00a4                  _IPC0bits = 0xa4
                    0x00a6                  IPC1 = 0xa6
                    0x00a6                  _IPC1 = 0xa6
                    0x00a6                  _IPC1bits = 0xa6
                    0x00a8                  IPC2 = 0xa8
                    0x00a8                  _IPC2 = 0xa8
                    0x00a8                  _IPC2bits = 0xa8
                    0x00aa                  IPC3 = 0xaa
                    0x00aa                  _IPC3 = 0xaa
                    0x00aa                  _IPC3bits = 0xaa
                    0x00ac                  IPC4 = 0xac
                    0x00ac                  _IPC4 = 0xac
                    0x00ac                  _IPC4bits = 0xac
                    0x00ae                  IPC5 = 0xae
                    0x00ae                  _IPC5 = 0xae
                    0x00ae                  _IPC5bits = 0xae
                    0x00b2                  IPC7 = 0xb2
                    0x00b2                  _IPC7 = 0xb2
                    0x00b2                  _IPC7bits = 0xb2
                    0x00c2                  IPC15 = 0xc2
                    0x00c2                  _IPC15 = 0xc2
                    0x00c2                  _IPC15bits = 0xc2
                    0x00c4                  IPC16 = 0xc4
                    0x00c4                  _IPC16 = 0xc4
                    0x00c4                  _IPC16bits = 0xc4
                    0x00c8                  IPC18 = 0xc8
                    0x00c8                  _IPC18 = 0xc8
                    0x00c8                  _IPC18bits = 0xc8
                    0x00ca                  IPC19 = 0xca
                    0x00ca                  _IPC19 = 0xca
                    0x00ca                  _IPC19bits = 0xca
                    0x00e0                  INTTREG = 0xe0
                    0x00e0                  _INTTREG = 0xe0
                    0x00e0                  _INTTREGbits = 0xe0
                    0x0100                  TMR1 = 0x100
                    0x0100                  _TMR1 = 0x100
                    0x0102                  PR1 = 0x102
                    0x0102                  _PR1 = 0x102
                    0x0104                  T1CON = 0x104
                    0x0104                  _T1CON = 0x104
                    0x0104                  _T1CONbits = 0x104
                    0x0106                  TMR2 = 0x106
                    0x0106                  _TMR2 = 0x106
                    0x0108                  TMR3HLD = 0x108
                    0x0108                  _TMR3HLD = 0x108
                    0x010a                  TMR3 = 0x10a
                    0x010a                  _TMR3 = 0x10a
                    0x010c                  PR2 = 0x10c
                    0x010c                  _PR2 = 0x10c
                    0x010e                  PR3 = 0x10e
                    0x010e                  _PR3 = 0x10e
                    0x0110                  T2CON = 0x110
                    0x0110                  _T2CON = 0x110
                    0x0110                  _T2CONbits = 0x110
                    0x0112                  T3CON = 0x112
                    0x0112                  _T3CON = 0x112
                    0x0112                  _T3CONbits = 0x112
                    0x0140                  IC1BUF = 0x140
                    0x0140                  _IC1BUF = 0x140
                    0x0142                  IC1CON = 0x142
                    0x0142                  _IC1CON = 0x142
                    0x0142                  _IC1CONbits = 0x142
                    0x0180                  OC1RS = 0x180
                    0x0180                  _OC1RS = 0x180
                    0x0182                  OC1R = 0x182
                    0x0182                  _OC1R = 0x182
                    0x0184                  OC1CON = 0x184
                    0x0184                  _OC1CON = 0x184
                    0x0184                  _OC1CONbits = 0x184
                    0x0200                  I2C1RCV = 0x200
                    0x0200                  _I2C1RCV = 0x200
                    0x0202                  I2C1TRN = 0x202
                    0x0202                  _I2C1TRN = 0x202
                    0x0204                  I2C1BRG = 0x204
                    0x0204                  _I2C1BRG = 0x204
                    0x0206                  I2C1CON = 0x206
                    0x0206                  _I2C1CON = 0x206
                    0x0206                  _I2C1CONbits = 0x206
                    0x0208                  I2C1STAT = 0x208
                    0x0208                  _I2C1STAT = 0x208
                    0x0208                  _I2C1STATbits = 0x208
                    0x020a                  I2C1ADD = 0x20a
                    0x020a                  _I2C1ADD = 0x20a
                    0x020c                  I2C1MSK = 0x20c
                    0x020c                  _I2C1MSK = 0x20c
                    0x020c                  _I2C1MSKbits = 0x20c
                    0x0220                  U1MODE = 0x220
                    0x0220                  _U1MODE = 0x220
                    0x0220                  _U1MODEbits = 0x220
                    0x0222                  U1STA = 0x222
                    0x0222                  _U1STA = 0x222
                    0x0222                  _U1STAbits = 0x222
                    0x0224                  U1TXREG = 0x224
                    0x0224                  _U1TXREG = 0x224
                    0x0226                  U1RXREG = 0x226
                    0x0226                  _U1RXREG = 0x226
                    0x0228                  U1BRG = 0x228
                    0x0228                  _U1BRG = 0x228
                    0x0230                  U2MODE = 0x230
                    0x0230                  _U2MODE = 0x230
                    0x0230                  _U2MODEbits = 0x230
                    0x0232                  U2STA = 0x232
                    0x0232                  _U2STA = 0x232
                    0x0232                  _U2STAbits = 0x232
                    0x0234                  U2TXREG = 0x234
                    0x0234                  _U2TXREG = 0x234
                    0x0236                  U2RXREG = 0x236
                    0x0236                  _U2RXREG = 0x236
                    0x0238                  U2BRG = 0x238
                    0x0238                  _U2BRG = 0x238
                    0x0240                  SPI1STAT = 0x240
                    0x0240                  _SPI1STAT = 0x240
                    0x0240                  _SPI1STATbits = 0x240
                    0x0242                  SPI1CON1 = 0x242
                    0x0242                  _SPI1CON1 = 0x242
                    0x0242                  _SPI1CON1bits = 0x242
                    0x0244                  SPI1CON2 = 0x244
                    0x0244                  _SPI1CON2 = 0x244
                    0x0244                  _SPI1CON2bits = 0x244
                    0x0248                  SPI1BUF = 0x248
                    0x0248                  _SPI1BUF = 0x248
                    0x02c0                  TRISA = 0x2c0
                    0x02c0                  _TRISA = 0x2c0
                    0x02c0                  _TRISAbits = 0x2c0
                    0x02c2                  PORTA = 0x2c2
                    0x02c2                  _PORTA = 0x2c2
                    0x02c2                  _PORTAbits = 0x2c2
                    0x02c4                  LATA = 0x2c4
                    0x02c4                  _LATA = 0x2c4
                    0x02c4                  _LATAbits = 0x2c4
                    0x02c6                  ODCA = 0x2c6
                    0x02c6                  _ODCA = 0x2c6
                    0x02c6                  _ODCAbits = 0x2c6
                    0x02c8                  TRISB = 0x2c8
                    0x02c8                  _TRISB = 0x2c8
                    0x02c8                  _TRISBbits = 0x2c8
                    0x02ca                  PORTB = 0x2ca
                    0x02ca                  _PORTB = 0x2ca
                    0x02ca                  _PORTBbits = 0x2ca
                    0x02cc                  LATB = 0x2cc
                    0x02cc                  _LATB = 0x2cc
                    0x02cc                  _LATBbits = 0x2cc
                    0x02ce                  ODCB = 0x2ce
                    0x02ce                  _ODCB = 0x2ce
                    0x02ce                  _ODCBbits = 0x2ce
                    0x02fc                  PADCFG1 = 0x2fc
                    0x02fc                  _PADCFG1 = 0x2fc
                    0x02fc                  _PADCFG1bits = 0x2fc
                    0x0300                  ADC1BUF0 = 0x300
                    0x0300                  _ADC1BUF0 = 0x300
                    0x0302                  ADC1BUF1 = 0x302
                    0x0302                  _ADC1BUF1 = 0x302
                    0x0304                  ADC1BUF2 = 0x304
                    0x0304                  _ADC1BUF2 = 0x304
                    0x0306                  ADC1BUF3 = 0x306
                    0x0306                  _ADC1BUF3 = 0x306
                    0x0308                  ADC1BUF4 = 0x308
                    0x0308                  _ADC1BUF4 = 0x308
                    0x030a                  ADC1BUF5 = 0x30a
                    0x030a                  _ADC1BUF5 = 0x30a
                    0x030c                  ADC1BUF6 = 0x30c
                    0x030c                  _ADC1BUF6 = 0x30c
                    0x030e                  ADC1BUF7 = 0x30e
                    0x030e                  _ADC1BUF7 = 0x30e
                    0x0310                  ADC1BUF8 = 0x310
                    0x0310                  _ADC1BUF8 = 0x310
                    0x0312                  ADC1BUF9 = 0x312
                    0x0312                  _ADC1BUF9 = 0x312
                    0x0314                  ADC1BUFA = 0x314
                    0x0314                  _ADC1BUFA = 0x314
                    0x0316                  ADC1BUFB = 0x316
                    0x0316                  _ADC1BUFB = 0x316
                    0x0318                  ADC1BUFC = 0x318
                    0x0318                  _ADC1BUFC = 0x318
                    0x031a                  ADC1BUFD = 0x31a
                    0x031a                  _ADC1BUFD = 0x31a
                    0x031c                  ADC1BUFE = 0x31c
                    0x031c                  _ADC1BUFE = 0x31c
                    0x031e                  ADC1BUFF = 0x31e
                    0x031e                  _ADC1BUFF = 0x31e
                    0x0320                  AD1CON1 = 0x320
                    0x0320                  _AD1CON1 = 0x320
                    0x0320                  _AD1CON1bits = 0x320
                    0x0322                  AD1CON2 = 0x322
                    0x0322                  _AD1CON2 = 0x322
                    0x0322                  _AD1CON2bits = 0x322
                    0x0324                  AD1CON3 = 0x324
                    0x0324                  _AD1CON3 = 0x324
                    0x0324                  _AD1CON3bits = 0x324
                    0x0328                  AD1CHS = 0x328
                    0x0328                  _AD1CHS = 0x328
                    0x0328                  _AD1CHSbits = 0x328
                    0x032c                  AD1PCFG = 0x32c
                    0x032c                  _AD1PCFG = 0x32c
                    0x032c                  _AD1PCFGbits = 0x32c
                    0x0330                  AD1CSSL = 0x330
                    0x0330                  _AD1CSSL = 0x330
                    0x0330                  _AD1CSSLbits = 0x330
                    0x033c                  CTMUCON = 0x33c
                    0x033c                  _CTMUCON = 0x33c
                    0x033c                  _CTMUCONbits = 0x33c
                    0x033e                  CTMUICON = 0x33e
                    0x033e                  _CTMUICON = 0x33e
                    0x033e                  _CTMUICONbits = 0x33e
                    0x0620                  ALRMVAL = 0x620
                    0x0620                  _ALRMVAL = 0x620
                    0x0622                  ALCFGRPT = 0x622
                    0x0622                  _ALCFGRPT = 0x622
                    0x0622                  _ALCFGRPTbits = 0x622
                    0x0624                  RTCVAL = 0x624
                    0x0624                  _RTCVAL = 0x624
                    0x0626                  RCFGCAL = 0x626
                    0x0626                  _RCFGCAL = 0x626
                    0x0626                  _RCFGCALbits = 0x626
                    0x0630                  CMSTAT = 0x630
                    0x0630                  _CMSTAT = 0x630
                    0x0630                  _CMSTATbits = 0x630
                    0x0632                  CVRCON = 0x632
                    0x0632                  _CVRCON = 0x632
                    0x0632                  _CVRCONbits = 0x632
                    0x0634                  CM1CON = 0x634
                    0x0634                  _CM1CON = 0x634
                    0x0634                  _CM1CONbits = 0x634
                    0x0636                  CM2CON = 0x636
                    0x0636                  _CM2CON = 0x636
                    0x0636                  _CM2CONbits = 0x636
                    0x0640                  CRCCON = 0x640
                    0x0640                  _CRCCON = 0x640
                    0x0640                  _CRCCONbits = 0x640
                    0x0642                  CRCXOR = 0x642
                    0x0642                  _CRCXOR = 0x642
                    0x0644                  CRCDAT = 0x644
                    0x0644                  _CRCDAT = 0x644
                    0x0646                  CRCWDAT = 0x646
                    0x0646                  _CRCWDAT = 0x646
                    0x0740                  RCON = 0x740
                    0x0740                  _RCON = 0x740
                    0x0740                  _RCONbits = 0x740
                    0x0742                  OSCCON = 0x742
                    0x0742                  _OSCCON = 0x742
                    0x0742                  _OSCCONbits = 0x742
                    0x0742                  OSCCONL = 0x742
                    0x0742                  _OSCCONL = 0x742
                    0x0743                  OSCCONH = 0x743
                    0x0743                  _OSCCONH = 0x743
                    0x0744                  CLKDIV = 0x744
                    0x0744                  _CLKDIV = 0x744
                    0x0744                  _CLKDIVbits = 0x744
                    0x0748                  OSCTUN = 0x748
                    0x0748                  _OSCTUN = 0x748
                    0x0748                  _OSCTUNbits = 0x748
                    0x074e                  REFOCON = 0x74e
                    0x074e                  _REFOCON = 0x74e
                    0x074e                  _REFOCONbits = 0x74e
                    0x0756                  HLVDCON = 0x756
                    0x0756                  _HLVDCON = 0x756
                    0x0756                  _HLVDCONbits = 0x756
                    0x0758                  DSCON = 0x758
                    0x0758                  _DSCON = 0x758
                    0x0758                  _DSCONbits = 0x758
                    0x075a                  DSWAKE = 0x75a
                    0x075a                  _DSWAKE = 0x75a
                    0x075a                  _DSWAKEbits = 0x75a
                    0x075a                  DSWSRC = 0x75a
                    0x075a                  _DSWSRC = 0x75a
                    0x075a                  _DSWSRCbits = 0x75a
                    0x075c                  DSGPR0 = 0x75c
                    0x075c                  _DSGPR0 = 0x75c
                    0x075e                  DSGPR1 = 0x75e
                    0x075e                  _DSGPR1 = 0x75e
                    0x0760                  NVMCON = 0x760
                    0x0760                  _NVMCON = 0x760
                    0x0760                  _NVMCONbits = 0x760
                    0x0766                  NVMKEY = 0x766
                    0x0766                  _NVMKEY = 0x766
                    0x0766                  _NVMKEYbits = 0x766
                    0x0770                  PMD1 = 0x770
                    0x0770                  _PMD1 = 0x770
                    0x0770                  _PMD1bits = 0x770
                    0x0772                  PMD2 = 0x772
                    0x0772                  _PMD2 = 0x772
                    0x0772                  _PMD2bits = 0x772
                    0x0774                  PMD3 = 0x774
                    0x0774                  _PMD3 = 0x774
                    0x0774                  _PMD3bits = 0x774
                    0x0776                  PMD4 = 0x776
                    0x0776                  _PMD4 = 0x776
                    0x0776                  _PMD4bits = 0x776
                    0x0140                  IC1 = 0x140
                    0x0140                  _IC1 = 0x140
                    0x0180                  OC1 = 0x180
                    0x0180                  _OC1 = 0x180
                    0x0240                  SPI1 = 0x240
                    0x0240                  _SPI1 = 0x240
                    0x0220                  UART1 = 0x220
                    0x0220                  _UART1 = 0x220
                    0x0230                  UART2 = 0x230
                    0x0230                  _UART2 = 0x230
START GROUP
LOAD /Applications/microchip/xc16/v2.00/bin/bin/../../lib/libc99-pic30-elf.a
LOAD /Applications/microchip/xc16/v2.00/bin/bin/../../lib/libm-elf.a
LOAD /Applications/microchip/xc16/v2.00/bin/bin/../../lib/libc99-elf.a
END GROUP
OUTPUT(dist/default/production/AppProject1.X.production.elf elf32-pic30)
LOAD default_isr
LOAD data_init

.debug_pubtypes
                  0x000288        0x407
 .debug_pubtypes
                  0x000288         0x12 build/default/production/main.o
 .debug_pubtypes
                  0x00029a         0x7a build/default/production/ChangeClk.o
 .debug_pubtypes
                  0x000314         0x95 build/default/production/TimeDelay.o
 .debug_pubtypes
                  0x0003a9        0x1c7 build/default/production/IOs.o
 .debug_pubtypes
                  0x000570        0x11f build/default/production/UART2.o

__c30_signature
                  0x00068f        0x114
 __c30_signature
                  0x00068f          0x6 build/default/production/main.o
 __c30_signature
                  0x000695          0x6 build/default/production/ChangeClk.o
 __c30_signature
                  0x00069b          0x6 build/default/production/TimeDelay.o
 __c30_signature
                  0x0006a1          0x6 build/default/production/IOs.o
 __c30_signature
                  0x0006a7          0x6 build/default/production/UART2.o
 __c30_signature
                  0x0006ad          0x6 /Applications/microchip/xc16/v2.00/bin/bin/../../lib/libc99-pic30-elf.a(crt0_standard.o)
 __c30_signature
                  0x0006b3          0x6 /Applications/microchip/xc16/v2.00/bin/bin/../../lib/libc99-pic30-elf.a(data_init_standard.o)
 __c30_signature
                  0x0006b9          0x6 /Applications/microchip/xc16/v2.00/bin/bin/../../lib/libc99-pic30-elf.a(fixunssfsi.XX_o)
 __c30_signature
                  0x0006bf          0x6 /Applications/microchip/xc16/v2.00/bin/bin/../../lib/libc99-pic30-elf.a(floatsisf.XX_o)
 __c30_signature
                  0x0006c5          0x6 /Applications/microchip/xc16/v2.00/bin/bin/../../lib/libc99-pic30-elf.a(floatunsisf.XX_o)
 __c30_signature
                  0x0006cb          0x6 /Applications/microchip/xc16/v2.00/bin/bin/../../lib/libc99-pic30-elf.a(funpack.XX_o)
 __c30_signature
                  0x0006d1          0x6 /Applications/microchip/xc16/v2.00/bin/bin/../../lib/libc99-pic30-elf.a(errno.XX_o)
 __c30_signature
                  0x0006d7          0x6 /Applications/microchip/xc16/v2.00/bin/bin/../../lib/libc99-pic30-elf.a(floatdisf.XX_o)
 __c30_signature
                  0x0006dd          0x6 /Applications/microchip/xc16/v2.00/bin/bin/../../lib/libc99-pic30-elf.a(floatundisf.XX_o)
 __c30_signature
                  0x0006e3          0x6 /Applications/microchip/xc16/v2.00/bin/bin/../../lib/libc99-pic30-elf.a(fpack.XX_o)
 __c30_signature
                  0x0006e9          0x6 /Applications/microchip/xc16/v2.00/bin/bin/../../lib/libm-elf.a(powf.XX_o)
 __c30_signature
                  0x0006ef          0x6 /Applications/microchip/xc16/v2.00/bin/bin/../../lib/libm-elf.a(fabsf.XX_o)
 __c30_signature
                  0x0006f5          0x6 /Applications/microchip/xc16/v2.00/bin/bin/../../lib/libm-elf.a(scalbnf.XX_o)
 __c30_signature
                  0x0006fb          0x6 /Applications/microchip/xc16/v2.00/bin/bin/../../lib/libm-elf.a(sqrtf.XX_o)
 __c30_signature
                  0x000701          0x6 /Applications/microchip/xc16/v2.00/bin/bin/../../lib/libc99-elf.a(strlen.XX_o)
 __c30_signature
                  0x000707          0x6 /Applications/microchip/xc16/v2.00/bin/bin/../../lib/libc99-elf.a(__errno_location.XX_o)
 __c30_signature
                  0x00070d          0x6 /Applications/microchip/xc16/v2.00/bin/bin/../../lib/libc99-elf.a(__sio_sprintf_doux.XX_o)
 __c30_signature
                  0x000713          0x6 /Applications/microchip/xc16/v2.00/bin/bin/../../lib/libc99-elf.a(__fmt_d.XX_o)
 __c30_signature
                  0x000719          0x6 /Applications/microchip/xc16/v2.00/bin/bin/../../lib/libc99-elf.a(__fmt_o.XX_o)
 __c30_signature
                  0x00071f          0x6 /Applications/microchip/xc16/v2.00/bin/bin/../../lib/libc99-elf.a(__fmt_s.XX_o)
 __c30_signature
                  0x000725          0x6 /Applications/microchip/xc16/v2.00/bin/bin/../../lib/libc99-elf.a(__fmt_u.XX_o)
 __c30_signature
                  0x00072b          0x6 /Applications/microchip/xc16/v2.00/bin/bin/../../lib/libc99-elf.a(__fmt_x.XX_o)
 __c30_signature
                  0x000731          0x6 /Applications/microchip/xc16/v2.00/bin/bin/../../lib/libc99-elf.a(__int_vsprintf.XX_o)
 __c30_signature
                  0x000737          0x6 /Applications/microchip/xc16/v2.00/bin/bin/../../lib/libc99-elf.a(__printf_core.XX_o)
 __c30_signature
                  0x00073d          0x6 /Applications/microchip/xc16/v2.00/bin/bin/../../lib/libc99-elf.a(memcpy.XX_o)
 __c30_signature
                  0x000743          0x6 /Applications/microchip/xc16/v2.00/bin/bin/../../lib/libc99-elf.a(memset.XX_o)
 __c30_signature
                  0x000749          0x6 /Applications/microchip/xc16/v2.00/bin/bin/../../lib/libc99-elf.a(__int_vsnprintf.XX_o)
 __c30_signature
                  0x00074f          0x6 /Applications/microchip/xc16/v2.00/bin/bin/../../lib/libc99-elf.a(__int_vfprintf.XX_o)
 __c30_signature
                  0x000755          0x6 /Applications/microchip/xc16/v2.00/bin/bin/../../lib/libc99-elf.a(atoi.XX_o)
 __c30_signature
                  0x00075b          0x6 /Applications/microchip/xc16/v2.00/bin/bin/../../lib/libc99-elf.a(tolower.XX_o)
 __c30_signature
                  0x000761          0x6 /Applications/microchip/xc16/v2.00/bin/bin/../../lib/libc99-elf.a(toupper.XX_o)
 __c30_signature
                  0x000767          0x6 /Applications/microchip/xc16/v2.00/bin/bin/../../lib/libc99-elf.a(__pop_float.XX_lo)
 __c30_signature
                  0x00076d          0x6 /Applications/microchip/xc16/v2.00/bin/bin/../../lib/libc99-elf.a(__pop_int.XX_lo)
 __c30_signature
                  0x000773          0x6 /Applications/microchip/xc16/v2.00/bin/bin/../../lib/libc99-elf.a(__pop_ptr.XX_lo)
 __c30_signature
                  0x000779          0x6 /Applications/microchip/xc16/v2.00/bin/bin/../../lib/libc99-pic30-elf.a(extendsfdf.XX_o)
 __c30_signature
                  0x00077f          0x6 /Applications/microchip/xc16/v2.00/bin/bin/../../lib/libc99-pic30-elf.a(feqltle.XX_o)
 __c30_signature
                  0x000785          0x6 /Applications/microchip/xc16/v2.00/bin/bin/../../lib/libc99-pic30-elf.a(fgtge.XX_o)
 __c30_signature
                  0x00078b          0x6 /Applications/microchip/xc16/v2.00/bin/bin/../../lib/libc99-pic30-elf.a(mulsi3.XX_o)
 __c30_signature
                  0x000791          0x6 /Applications/microchip/xc16/v2.00/bin/bin/../../lib/libc99-pic30-elf.a(fcompare.XX_o)
 __c30_signature
                  0x000797          0x6 /Applications/microchip/xc16/v2.00/bin/bin/../../lib/libc99-pic30-elf.a(funpack2.XX_o)
 __c30_signature
                  0x00079d          0x6 /Applications/microchip/xc16/v2.00/bin/bin/../../lib/libc99-pic30-elf.a(divmoddi3.XX_o)

.nbss               0x0800          0x4
 .nbss              0x0800          0x2 build/default/production/UART2.o
                    0x0800                  _clkval
 .nbss              0x0802          0x2 /Applications/microchip/xc16/v2.00/bin/bin/../../lib/libc99-pic30-elf.a(errno.XX_o)
                    0x0802                  _errno

.data               0x0804         0x34
 .data              0x0804         0x1c /Applications/microchip/xc16/v2.00/bin/bin/../../lib/libc99-elf.a(__printf_core.XX_o)
 .data              0x0820         0x18 /Applications/microchip/xc16/v2.00/bin/bin/../../lib/libm-elf.a(powf.XX_o)

.bss                0x0838          0x2
 .bss               0x0838          0x2 /Applications/microchip/xc16/v2.00/bin/bin/../../lib/libc99-elf.a(__errno_location.XX_o)
                    0x0838                  ___errno_val

.config_FCKSM     0xf80008          0x2
 .config_FCKSM    0xf80008          0x2 build/default/production/main.o

.ivt._T2Interrupt
                  0x000022          0x2
 .ivt._T2Interrupt
                  0x000022          0x2 build/default/production/TimeDelay.o

.ivt._CNInterrupt
                  0x00003a          0x2
 .ivt._CNInterrupt
                  0x00003a          0x2 build/default/production/IOs.o

.ivt._U2RXInterrupt
                  0x000050          0x2
 .ivt._U2RXInterrupt
                  0x000050          0x2 build/default/production/UART2.o

.ivt._U2TXInterrupt
                  0x000052          0x2
 .ivt._U2TXInterrupt
                  0x000052          0x2 build/default/production/UART2.o

.const              0xa1b0         0x1a load address 0x0021b0  
 .const             0xa1b0         0x1a build/default/production/IOs.o

.text             0x0021ca        0x472
 .text            0x0021ca        0x236 build/default/production/UART2.o
                  0x0021ca                  _InitUART2
                  0x002232                  _XmitUART2
                  0x002272                  _Disp2Hex
                  0x0022ea                  _Disp2Hex32
                  0x00236c                  _Disp2Dec
                  0x0023d8                  _Disp2String
 .text            0x002400        0x1c0 build/default/production/IOs.o
                  0x002400                  _format_time
                  0x00241c                  _IOinit
                  0x00244c                  _IOcheck
 .text            0x0025c0         0x7c build/default/production/ChangeClk.o
                  0x0025c0                  _NewClk

.dinit            0x00263c         0x44
 .dinit           0x00263c         0x44 data_init

.text             0x002680         0x38
 .text            0x002680         0x28 build/default/production/TimeDelay.o
                  0x002680                  _delay_ms
 .text            0x0026a8         0x10 build/default/production/main.o
                  0x0026a8                  _main
